Archive member included to satisfy reference by file (symbol)

e:/gnu/10 2021.10/bin/../lib/gcc/arm-none-eabi/10.3.1/../../../../arm-none-eabi/lib/thumb/v7-m/nofp\libg.a(lib_a-errno.o)
                              CMakeFiles/keyboard.elf.dir/Core/Src/syscalls.c.obj (__errno)
e:/gnu/10 2021.10/bin/../lib/gcc/arm-none-eabi/10.3.1/../../../../arm-none-eabi/lib/thumb/v7-m/nofp\libg.a(lib_a-exit.o)
                              e:/gnu/10 2021.10/bin/../lib/gcc/arm-none-eabi/10.3.1/../../../../arm-none-eabi/lib/thumb/v7-m/nofp/crt0.o (exit)
e:/gnu/10 2021.10/bin/../lib/gcc/arm-none-eabi/10.3.1/../../../../arm-none-eabi/lib/thumb/v7-m/nofp\libg.a(lib_a-impure.o)
                              e:/gnu/10 2021.10/bin/../lib/gcc/arm-none-eabi/10.3.1/../../../../arm-none-eabi/lib/thumb/v7-m/nofp\libg.a(lib_a-exit.o) (_global_impure_ptr)
e:/gnu/10 2021.10/bin/../lib/gcc/arm-none-eabi/10.3.1/../../../../arm-none-eabi/lib/thumb/v7-m/nofp\libg.a(lib_a-init.o)
                              e:/gnu/10 2021.10/bin/../lib/gcc/arm-none-eabi/10.3.1/../../../../arm-none-eabi/lib/thumb/v7-m/nofp/crt0.o (__libc_init_array)
e:/gnu/10 2021.10/bin/../lib/gcc/arm-none-eabi/10.3.1/../../../../arm-none-eabi/lib/thumb/v7-m/nofp\libg.a(lib_a-memset.o)
                              e:/gnu/10 2021.10/bin/../lib/gcc/arm-none-eabi/10.3.1/../../../../arm-none-eabi/lib/thumb/v7-m/nofp/crt0.o (memset)
e:/gnu/10 2021.10/bin/../lib/gcc/arm-none-eabi/10.3.1/../../../../arm-none-eabi/lib/thumb/v7-m/nofp\libg.a(lib_a-strlen-stub.o)
                              CMakeFiles/keyboard.elf.dir/Core/Src/usart.c.obj (strlen)
e:/gnu/10 2021.10/bin/../lib/gcc/arm-none-eabi/10.3.1/../../../../arm-none-eabi/lib/thumb/v7-m/nofp\libg.a(lib_a-vsprintf.o)
                              CMakeFiles/keyboard.elf.dir/Core/Src/usart.c.obj (vsprintf)
e:/gnu/10 2021.10/bin/../lib/gcc/arm-none-eabi/10.3.1/../../../../arm-none-eabi/lib/thumb/v7-m/nofp\libg.a(lib_a-__call_atexit.o)
                              e:/gnu/10 2021.10/bin/../lib/gcc/arm-none-eabi/10.3.1/../../../../arm-none-eabi/lib/thumb/v7-m/nofp\libg.a(lib_a-exit.o) (__call_exitprocs)
e:/gnu/10 2021.10/bin/../lib/gcc/arm-none-eabi/10.3.1/../../../../arm-none-eabi/lib/thumb/v7-m/nofp\libg.a(lib_a-atexit.o)
                              e:/gnu/10 2021.10/bin/../lib/gcc/arm-none-eabi/10.3.1/../../../../arm-none-eabi/lib/thumb/v7-m/nofp\libg.a(lib_a-__call_atexit.o) (atexit)
e:/gnu/10 2021.10/bin/../lib/gcc/arm-none-eabi/10.3.1/../../../../arm-none-eabi/lib/thumb/v7-m/nofp\libg.a(lib_a-fini.o)
                              e:/gnu/10 2021.10/bin/../lib/gcc/arm-none-eabi/10.3.1/../../../../arm-none-eabi/lib/thumb/v7-m/nofp\libg.a(lib_a-__call_atexit.o) (__libc_fini_array)
e:/gnu/10 2021.10/bin/../lib/gcc/arm-none-eabi/10.3.1/../../../../arm-none-eabi/lib/thumb/v7-m/nofp\libg.a(lib_a-lock.o)
                              e:/gnu/10 2021.10/bin/../lib/gcc/arm-none-eabi/10.3.1/../../../../arm-none-eabi/lib/thumb/v7-m/nofp\libg.a(lib_a-__call_atexit.o) (__retarget_lock_acquire_recursive)
e:/gnu/10 2021.10/bin/../lib/gcc/arm-none-eabi/10.3.1/../../../../arm-none-eabi/lib/thumb/v7-m/nofp\libg.a(lib_a-svfprintf.o)
                              e:/gnu/10 2021.10/bin/../lib/gcc/arm-none-eabi/10.3.1/../../../../arm-none-eabi/lib/thumb/v7-m/nofp\libg.a(lib_a-vsprintf.o) (_svfprintf_r)
e:/gnu/10 2021.10/bin/../lib/gcc/arm-none-eabi/10.3.1/../../../../arm-none-eabi/lib/thumb/v7-m/nofp\libg.a(lib_a-__atexit.o)
                              e:/gnu/10 2021.10/bin/../lib/gcc/arm-none-eabi/10.3.1/../../../../arm-none-eabi/lib/thumb/v7-m/nofp\libg.a(lib_a-atexit.o) (__register_exitproc)
e:/gnu/10 2021.10/bin/../lib/gcc/arm-none-eabi/10.3.1/../../../../arm-none-eabi/lib/thumb/v7-m/nofp\libg.a(lib_a-dtoa.o)
                              e:/gnu/10 2021.10/bin/../lib/gcc/arm-none-eabi/10.3.1/../../../../arm-none-eabi/lib/thumb/v7-m/nofp\libg.a(lib_a-svfprintf.o) (_dtoa_r)
e:/gnu/10 2021.10/bin/../lib/gcc/arm-none-eabi/10.3.1/../../../../arm-none-eabi/lib/thumb/v7-m/nofp\libg.a(lib_a-freer.o)
                              e:/gnu/10 2021.10/bin/../lib/gcc/arm-none-eabi/10.3.1/../../../../arm-none-eabi/lib/thumb/v7-m/nofp\libg.a(lib_a-svfprintf.o) (_free_r)
e:/gnu/10 2021.10/bin/../lib/gcc/arm-none-eabi/10.3.1/../../../../arm-none-eabi/lib/thumb/v7-m/nofp\libg.a(lib_a-localeconv.o)
                              e:/gnu/10 2021.10/bin/../lib/gcc/arm-none-eabi/10.3.1/../../../../arm-none-eabi/lib/thumb/v7-m/nofp\libg.a(lib_a-svfprintf.o) (_localeconv_r)
e:/gnu/10 2021.10/bin/../lib/gcc/arm-none-eabi/10.3.1/../../../../arm-none-eabi/lib/thumb/v7-m/nofp\libg.a(lib_a-mallocr.o)
                              e:/gnu/10 2021.10/bin/../lib/gcc/arm-none-eabi/10.3.1/../../../../arm-none-eabi/lib/thumb/v7-m/nofp\libg.a(lib_a-svfprintf.o) (_malloc_r)
e:/gnu/10 2021.10/bin/../lib/gcc/arm-none-eabi/10.3.1/../../../../arm-none-eabi/lib/thumb/v7-m/nofp\libg.a(lib_a-memchr-stub.o)
[...]
Memory Configuration

Name             Origin             Length             Attributes
RAM              0x20000000         0x00010000         xrw
FLASH            0x08000000         0x00080000         xr
*default*        0x00000000         0xffffffff

Linker script and memory map

LOAD e:/gnu/10 2021.10/bin/../lib/gcc/arm-none-eabi/10.3.1/thumb/v7-m/nofp/crti.o
LOAD e:/gnu/10 2021.10/bin/../lib/gcc/arm-none-eabi/10.3.1/thumb/v7-m/nofp/crtbegin.o
LOAD e:/gnu/10 2021.10/bin/../lib/gcc/arm-none-eabi/10.3.1/../../../../arm-none-eabi/lib/thumb/v7-m/nofp/crt0.o
LOAD CMakeFiles/keyboard.elf.dir/Core/Src/adc.c.obj
LOAD CMakeFiles/keyboard.elf.dir/Core/Src/dma.c.obj
LOAD CMakeFiles/keyboard.elf.dir/Core/Src/gpio.c.obj
LOAD CMakeFiles/keyboard.elf.dir/Core/Src/main.c.obj
LOAD CMakeFiles/keyboard.elf.dir/Core/Src/spi.c.obj
LOAD CMakeFiles/keyboard.elf.dir/Core/Src/stm32f1xx_hal_msp.c.obj
LOAD CMakeFiles/keyboard.elf.dir/Core/Src/stm32f1xx_it.c.obj
LOAD CMakeFiles/keyboard.elf.dir/Core/Src/syscalls.c.obj
LOAD CMakeFiles/keyboard.elf.dir/Core/Src/sysmem.c.obj
LOAD CMakeFiles/keyboard.elf.dir/Core/Src/system_stm32f1xx.c.obj
LOAD CMakeFiles/keyboard.elf.dir/Core/Src/usart.c.obj
LOAD CMakeFiles/keyboard.elf.dir/Core/Startup/startup_stm32f103rctx.s.obj
LOAD CMakeFiles/keyboard.elf.dir/Drivers/BSP/RF_keyboard.c.obj
LOAD CMakeFiles/keyboard.elf.dir/Drivers/STM32F1xx_HAL_Driver/Src/stm32f1xx_hal.c.obj
LOAD CMakeFiles/keyboard.elf.dir/Drivers/STM32F1xx_HAL_Driver/Src/stm32f1xx_hal_adc.c.obj
LOAD CMakeFiles/keyboard.elf.dir/Drivers/STM32F1xx_HAL_Driver/Src/stm32f1xx_hal_adc_ex.c.obj
LOAD CMakeFiles/keyboard.elf.dir/Drivers/STM32F1xx_HAL_Driver/Src/stm32f1xx_hal_cortex.c.obj
LOAD CMakeFiles/keyboard.elf.dir/Drivers/STM32F1xx_HAL_Driver/Src/stm32f1xx_hal_dma.c.obj
LOAD CMakeFiles/keyboard.elf.dir/Drivers/STM32F1xx_HAL_Driver/Src/stm32f1xx_hal_exti.c.obj
LOAD CMakeFiles/keyboard.elf.dir/Drivers/STM32F1xx_HAL_Driver/Src/stm32f1xx_hal_flash.c.obj
LOAD CMakeFiles/keyboard.elf.dir/Drivers/STM32F1xx_HAL_Driver/Src/stm32f1xx_hal_flash_ex.c.obj
LOAD CMakeFiles/keyboard.elf.dir/Drivers/STM32F1xx_HAL_Driver/Src/stm32f1xx_hal_gpio.c.obj
LOAD CMakeFiles/keyboard.elf.dir/Drivers/STM32F1xx_HAL_Driver/Src/stm32f1xx_hal_gpio_ex.c.obj
LOAD CMakeFiles/keyboard.elf.dir/Drivers/STM32F1xx_HAL_Driver/Src/stm32f1xx_hal_pcd.c.obj
LOAD CMakeFiles/keyboard.elf.dir/Drivers/STM32F1xx_HAL_Driver/Src/stm32f1xx_hal_pcd_ex.c.obj
LOAD CMakeFiles/keyboard.elf.dir/Drivers/STM32F1xx_HAL_Driver/Src/stm32f1xx_hal_pwr.c.obj
LOAD CMakeFiles/keyboard.elf.dir/Drivers/STM32F1xx_HAL_Driver/Src/stm32f1xx_hal_rcc.c.obj
LOAD CMakeFiles/keyboard.elf.dir/Drivers/STM32F1xx_HAL_Driver/Src/stm32f1xx_hal_rcc_ex.c.obj
LOAD CMakeFiles/keyboard.elf.dir/Drivers/STM32F1xx_HAL_Driver/Src/stm32f1xx_hal_spi.c.obj
LOAD CMakeFiles/keyboard.elf.dir/Drivers/STM32F1xx_HAL_Driver/Src/stm32f1xx_hal_tim.c.obj
LOAD CMakeFiles/keyboard.elf.dir/Drivers/STM32F1xx_HAL_Driver/Src/stm32f1xx_hal_tim_ex.c.obj
LOAD CMakeFiles/keyboard.elf.dir/Drivers/STM32F1xx_HAL_Driver/Src/stm32f1xx_hal_uart.c.obj
LOAD CMakeFiles/keyboard.elf.dir/Drivers/STM32F1xx_HAL_Driver/Src/stm32f1xx_ll_usb.c.obj
LOAD CMakeFiles/keyboard.elf.dir/Middlewares/ST/STM32_USB_Device_Library/Class/CustomHID/Src/usbd_customhid.c.obj
LOAD CMakeFiles/keyboard.elf.dir/Middlewares/ST/STM32_USB_Device_Library/Core/Src/usbd_core.c.obj
LOAD CMakeFiles/keyboard.elf.dir/Middlewares/ST/STM32_USB_Device_Library/Core/Src/usbd_ctlreq.c.obj
LOAD CMakeFiles/keyboard.elf.dir/Middlewares/ST/STM32_USB_Device_Library/Core/Src/usbd_ioreq.c.obj
LOAD CMakeFiles/keyboard.elf.dir/USB_DEVICE/App/usb_device.c.obj
LOAD CMakeFiles/keyboard.elf.dir/USB_DEVICE/App/usbd_custom_hid_if.c.obj
LOAD CMakeFiles/keyboard.elf.dir/USB_DEVICE/App/usbd_desc.c.obj
LOAD CMakeFiles/keyboard.elf.dir/USB_DEVICE/Target/usbd_conf.c.obj
START GROUP
LOAD e:/gnu/10 2021.10/bin/../lib/gcc/arm-none-eabi/10.3.1/thumb/v7-m/nofp\libgcc.a
LOAD e:/gnu/10 2021.10/bin/../lib/gcc/arm-none-eabi/10.3.1/../../../../arm-none-eabi/lib/thumb/v7-m/nofp\libg.a
LOAD e:/gnu/10 2021.10/bin/../lib/gcc/arm-none-eabi/10.3.1/../../../../arm-none-eabi/lib/thumb/v7-m/nofp\libc.a
END GROUP
LOAD e:/gnu/10 2021.10/bin/../lib/gcc/arm-none-eabi/10.3.1/thumb/v7-m/nofp/crtend.o
LOAD e:/gnu/10 2021.10/bin/../lib/gcc/arm-none-eabi/10.3.1/thumb/v7-m/nofp/crtn.o
                0x20010000                _estack = (ORIGIN (RAM) + LENGTH (RAM))
                0x00000200                _Min_Heap_Size = 0x200
                0x00000400                _Min_Stack_Size = 0x400

.isr_vector     0x08000000      0x1e4
                0x08000000                . = ALIGN (0x4)
 *(.isr_vector)
 .isr_vector    0x08000000      0x1e4 CMakeFiles/keyboard.elf.dir/Core/Startup/startup_stm32f103rctx.s.obj
                0x08000000                g_pfnVectors
                0x080001e4                . = ALIGN (0x4)

.text           0x080001e8     0xcd4c
                0x080001e8                . = ALIGN (0x4)
 *(.text)
 .text          0x080001e8       0x40 e:/gnu/10 2021.10/bin/../lib/gcc/arm-none-eabi/10.3.1/thumb/v7-m/nofp/crtbegin.o
 .text          0x08000228       0xec e:/gnu/10 2021.10/bin/../lib/gcc/arm-none-eabi/10.3.1/../../../../arm-none-eabi/lib/thumb/v7-m/nofp\libg.a(lib_a-memcpy.o)
                0x08000228                memcpy
 .text          0x08000314      0x378 e:/gnu/10 2021.10/bin/../lib/gcc/arm-none-eabi/10.3.1/thumb/v7-m/nofp\libgcc.a(_arm_addsubdf3.o)
                0x08000314                __aeabi_drsub
                0x0800031c                __aeabi_dsub
                0x0800031c                __subdf3
                0x08000320                __aeabi_dadd
                0x08000320                __adddf3
                0x08000598                __floatunsidf
                0x08000598                __aeabi_ui2d
                0x080005b8                __floatsidf
                0x080005b8                __aeabi_i2d
                0x080005dc                __aeabi_f2d
                0x080005dc                __extendsfdf2
                0x08000620                __floatundidf
                0x08000620                __aeabi_ul2d
                0x08000630                __floatdidf
                0x08000630                __aeabi_l2d
 .text          0x0800068c      0x424 e:/gnu/10 2021.10/bin/../lib/gcc/arm-none-eabi/10.3.1/thumb/v7-m/nofp\libgcc.a(_arm_muldivdf3.o)
                0x0800068c                __aeabi_dmul
                0x0800068c                __muldf3
                0x080008e0                __divdf3
                0x080008e0                __aeabi_ddiv
 .text          0x08000ab0      0x110 e:/gnu/10 2021.10/bin/../lib/gcc/arm-none-eabi/10.3.1/thumb/v7-m/nofp\libgcc.a(_arm_cmpdf2.o)
                0x08000ab0                __gtdf2
                0x08000ab0                __gedf2
                0x08000ab8                __ltdf2
                0x08000ab8                __ledf2
                0x08000ac0                __nedf2
                0x08000ac0                __eqdf2
                0x08000ac0                __cmpdf2
                0x08000b3c                __aeabi_cdrcmple
                0x08000b4c                __aeabi_cdcmpeq
                0x08000b4c                __aeabi_cdcmple
                0x08000b5c                __aeabi_dcmpeq
                0x08000b70                __aeabi_dcmplt
                0x08000b84                __aeabi_dcmple
                0x08000b98                __aeabi_dcmpge
                0x08000bac                __aeabi_dcmpgt
 .text          0x08000bc0       0x2c e:/gnu/10 2021.10/bin/../lib/gcc/arm-none-eabi/10.3.1/thumb/v7-m/nofp\libgcc.a(_arm_unorddf2.o)
                0x08000bc0                __unorddf2
                0x08000bc0                __aeabi_dcmpun
 .text          0x08000bec       0x50 e:/gnu/10 2021.10/bin/../lib/gcc/arm-none-eabi/10.3.1/thumb/v7-m/nofp\libgcc.a(_arm_fixdfsi.o)
                0x08000bec                __aeabi_d2iz
                0x08000bec                __fixdfsi
 .text          0x08000c3c       0x30 e:/gnu/10 2021.10/bin/../lib/gcc/arm-none-eabi/10.3.1/thumb/v7-m/nofp\libgcc.a(_aeabi_uldivmod.o)
                0x08000c3c                __aeabi_uldivmod
 .text          0x08000c6c      0x2d4 e:/gnu/10 2021.10/bin/../lib/gcc/arm-none-eabi/10.3.1/thumb/v7-m/nofp\libgcc.a(_udivmoddi4.o)
                0x08000c6c                __udivmoddi4
 .text          0x08000f40        0x4 e:/gnu/10 2021.10/bin/../lib/gcc/arm-none-eabi/10.3.1/thumb/v7-m/nofp\libgcc.a(_dvmd_tls.o)
                0x08000f40                __aeabi_idiv0
                0x08000f40                __aeabi_ldiv0
 *(.text*)
 .text.MX_ADC1_Init
                0x08000f44       0x78 CMakeFiles/keyboard.elf.dir/Core/Src/adc.c.obj
                0x08000f44                MX_ADC1_Init
 .text.HAL_ADC_MspInit
                0x08000fbc       0x9c CMakeFiles/keyboard.elf.dir/Core/Src/adc.c.obj
                0x08000fbc                HAL_ADC_MspInit
 .text.MX_DMA_Init
                0x08001058       0x54 CMakeFiles/keyboard.elf.dir/Core/Src/dma.c.obj
                0x08001058                MX_DMA_Init
 .text.MX_GPIO_Init
                0x080010ac       0xe8 CMakeFiles/keyboard.elf.dir/Core/Src/gpio.c.obj
                0x080010ac                MX_GPIO_Init
 .text.Error_Handler
                0x08001194        0x4 CMakeFiles/keyboard.elf.dir/Core/Src/main.c.obj
                0x08001194                Error_Handler
 .text.SystemClock_Config
                0x08001198       0x8a CMakeFiles/keyboard.elf.dir/Core/Src/main.c.obj
                0x08001198                SystemClock_Config
 *fill*         0x08001222        0x2 
 .text.main     0x08001224       0x98 CMakeFiles/keyboard.elf.dir/Core/Src/main.c.obj
                0x08001224                main
 .text.MX_SPI1_Init
                0x080012bc       0x4c CMakeFiles/keyboard.elf.dir/Core/Src/spi.c.obj
                0x080012bc                MX_SPI1_Init
 .text.HAL_SPI_MspInit
                0x08001308       0x74 CMakeFiles/keyboard.elf.dir/Core/Src/spi.c.obj
                0x08001308                HAL_SPI_MspInit
 .text.HAL_MspInit
                0x0800137c       0x44 CMakeFiles/keyboard.elf.dir/Core/Src/stm32f1xx_hal_msp.c.obj
                0x0800137c                HAL_MspInit
 .text.NMI_Handler
                0x080013c0        0x2 CMakeFiles/keyboard.elf.dir/Core/Src/stm32f1xx_it.c.obj
                0x080013c0                NMI_Handler
 .text.HardFault_Handler
                0x080013c2        0x2 CMakeFiles/keyboard.elf.dir/Core/Src/stm32f1xx_it.c.obj
                0x080013c2                HardFault_Handler
 .text.MemManage_Handler
                0x080013c4        0x2 CMakeFiles/keyboard.elf.dir/Core/Src/stm32f1xx_it.c.obj
                0x080013c4                MemManage_Handler
 .text.BusFault_Handler
                0x080013c6        0x2 CMakeFiles/keyboard.elf.dir/Core/Src/stm32f1xx_it.c.obj
                0x080013c6                BusFault_Handler
 .text.UsageFault_Handler
                0x080013c8        0x2 CMakeFiles/keyboard.elf.dir/Core/Src/stm32f1xx_it.c.obj
                0x080013c8                UsageFault_Handler
 .text.SVC_Handler
                0x080013ca        0x2 CMakeFiles/keyboard.elf.dir/Core/Src/stm32f1xx_it.c.obj
                0x080013ca                SVC_Handler
 .text.DebugMon_Handler
                0x080013cc        0x2 CMakeFiles/keyboard.elf.dir/Core/Src/stm32f1xx_it.c.obj
                0x080013cc                DebugMon_Handler
 .text.PendSV_Handler
                0x080013ce        0x2 CMakeFiles/keyboard.elf.dir/Core/Src/stm32f1xx_it.c.obj
                0x080013ce                PendSV_Handler
 .text.SysTick_Handler
                0x080013d0        0x8 CMakeFiles/keyboard.elf.dir/Core/Src/stm32f1xx_it.c.obj
                0x080013d0                SysTick_Handler
 .text.DMA1_Channel1_IRQHandler
                0x080013d8       0x10 CMakeFiles/keyboard.elf.dir/Core/Src/stm32f1xx_it.c.obj
                0x080013d8                DMA1_Channel1_IRQHandler
 .text.DMA1_Channel4_IRQHandler
                0x080013e8       0x10 CMakeFiles/keyboard.elf.dir/Core/Src/stm32f1xx_it.c.obj
                0x080013e8                DMA1_Channel4_IRQHandler
 .text.DMA1_Channel5_IRQHandler
                0x080013f8       0x10 CMakeFiles/keyboard.elf.dir/Core/Src/stm32f1xx_it.c.obj
                0x080013f8                DMA1_Channel5_IRQHandler
 .text.USB_LP_CAN1_RX0_IRQHandler
                0x08001408       0x10 CMakeFiles/keyboard.elf.dir/Core/Src/stm32f1xx_it.c.obj
                0x08001408                USB_LP_CAN1_RX0_IRQHandler
 .text.USART1_IRQHandler
                0x08001418       0x24 CMakeFiles/keyboard.elf.dir/Core/Src/stm32f1xx_it.c.obj
                0x08001418                USART1_IRQHandler
 .text._getpid  0x0800143c        0x4 CMakeFiles/keyboard.elf.dir/Core/Src/syscalls.c.obj
                0x0800143c                _getpid
 .text._kill    0x08001440       0x10 CMakeFiles/keyboard.elf.dir/Core/Src/syscalls.c.obj
                0x08001440                _kill
 .text._exit    0x08001450        0xc CMakeFiles/keyboard.elf.dir/Core/Src/syscalls.c.obj
                0x08001450                _exit
 .text._read    0x0800145c       0x20 CMakeFiles/keyboard.elf.dir/Core/Src/syscalls.c.obj
                0x0800145c                _read
 .text._write   0x0800147c       0x1c CMakeFiles/keyboard.elf.dir/Core/Src/syscalls.c.obj
                0x0800147c                _write
 .text._close   0x08001498        0x6 CMakeFiles/keyboard.elf.dir/Core/Src/syscalls.c.obj
                0x08001498                _close
 .text._fstat   0x0800149e        0xa CMakeFiles/keyboard.elf.dir/Core/Src/syscalls.c.obj
                0x0800149e                _fstat
 .text._isatty  0x080014a8        0x4 CMakeFiles/keyboard.elf.dir/Core/Src/syscalls.c.obj
                0x080014a8                _isatty
 .text._lseek   0x080014ac        0x4 CMakeFiles/keyboard.elf.dir/Core/Src/syscalls.c.obj
                0x080014ac                _lseek
 .text._sbrk    0x080014b0       0x48 CMakeFiles/keyboard.elf.dir/Core/Src/sysmem.c.obj
                0x080014b0                _sbrk
 .text.SystemInit
                0x080014f8        0x2 CMakeFiles/keyboard.elf.dir/Core/Src/system_stm32f1xx.c.obj
                0x080014f8                SystemInit
 *fill*         0x080014fa        0x2 
 .text.MX_USART1_UART_Init
                0x080014fc       0x34 CMakeFiles/keyboard.elf.dir/Core/Src/usart.c.obj
                0x080014fc                MX_USART1_UART_Init
 .text.HAL_UART_MspInit
                0x08001530       0xf0 CMakeFiles/keyboard.elf.dir/Core/Src/usart.c.obj
                0x08001530                HAL_UART_MspInit
 .text.uart1_init
                0x08001620       0x30 CMakeFiles/keyboard.elf.dir/Core/Src/usart.c.obj
                0x08001620                uart1_init
 .text.uart1_report
                0x08001650       0x38 CMakeFiles/keyboard.elf.dir/Core/Src/usart.c.obj
                0x08001650                uart1_report
 .text.HAL_UARTEx_RxEventCallback
                0x08001688       0x80 CMakeFiles/keyboard.elf.dir/Core/Src/usart.c.obj
                0x08001688                HAL_UARTEx_RxEventCallback
 .text.Reset_Handler
                0x08001708       0x48 CMakeFiles/keyboard.elf.dir/Core/Startup/startup_stm32f103rctx.s.obj
                0x08001708                Reset_Handler
 .text.Default_Handler
                0x08001750        0x2 CMakeFiles/keyboard.elf.dir/Core/Startup/startup_stm32f103rctx.s.obj
                0x08001750                RTC_Alarm_IRQHandler
                0x08001750                EXTI2_IRQHandler
                0x08001750                TIM8_TRG_COM_IRQHandler
                0x08001750                TIM8_CC_IRQHandler
                0x08001750                TIM1_CC_IRQHandler
                0x08001750                TIM6_IRQHandler
                0x08001750                PVD_IRQHandler
                0x08001750                SDIO_IRQHandler
                0x08001750                EXTI3_IRQHandler
                0x08001750                EXTI0_IRQHandler
                0x08001750                I2C2_EV_IRQHandler
                0x08001750                ADC1_2_IRQHandler
                0x08001750                SPI1_IRQHandler
                0x08001750                TAMPER_IRQHandler
                0x08001750                TIM8_UP_IRQHandler
                0x08001750                DMA2_Channel2_IRQHandler
                0x08001750                USART3_IRQHandler
                0x08001750                RTC_IRQHandler
                0x08001750                DMA1_Channel7_IRQHandler
                0x08001750                CAN1_RX1_IRQHandler
                0x08001750                UART5_IRQHandler
                0x08001750                ADC3_IRQHandler
                0x08001750                TIM4_IRQHandler
                0x08001750                DMA2_Channel1_IRQHandler
                0x08001750                I2C1_EV_IRQHandler
                0x08001750                DMA1_Channel6_IRQHandler
                0x08001750                UART4_IRQHandler
                0x08001750                TIM3_IRQHandler
                0x08001750                RCC_IRQHandler
                0x08001750                TIM1_TRG_COM_IRQHandler
                0x08001750                Default_Handler
                0x08001750                EXTI15_10_IRQHandler
                0x08001750                TIM7_IRQHandler
                0x08001750                TIM5_IRQHandler
                0x08001750                EXTI9_5_IRQHandler
                0x08001750                SPI2_IRQHandler
                0x08001750                EXTI4_IRQHandler
                0x08001750                USB_HP_CAN1_TX_IRQHandler
                0x08001750                DMA1_Channel3_IRQHandler
                0x08001750                FSMC_IRQHandler
                0x08001750                TIM1_UP_IRQHandler
                0x08001750                WWDG_IRQHandler
                0x08001750                TIM2_IRQHandler
                0x08001750                TIM1_BRK_IRQHandler
                0x08001750                EXTI1_IRQHandler
                0x08001750                DMA2_Channel4_5_IRQHandler
                0x08001750                USART2_IRQHandler
                0x08001750                I2C2_ER_IRQHandler
                0x08001750                DMA1_Channel2_IRQHandler
                0x08001750                TIM8_BRK_IRQHandler
                0x08001750                CAN1_SCE_IRQHandler
                0x08001750                FLASH_IRQHandler
                0x08001750                SPI3_IRQHandler
                0x08001750                I2C1_ER_IRQHandler
                0x08001750                USBWakeUp_IRQHandler
                0x08001750                DMA2_Channel3_IRQHandler
 *fill*         0x08001752        0x2 
 .text._switch_map
                0x08001754       0x3c CMakeFiles/keyboard.elf.dir/Drivers/BSP/RF_keyboard.c.obj
                0x08001754                _switch_map
 .text._report  0x08001790       0x20 CMakeFiles/keyboard.elf.dir/Drivers/BSP/RF_keyboard.c.obj
                0x08001790                _report
 .text._remap_init
                0x080017b0      0x258 CMakeFiles/keyboard.elf.dir/Drivers/BSP/RF_keyboard.c.obj
                0x080017b0                _remap_init
 .text._read_joy_adc
                0x08001a08       0x6c CMakeFiles/keyboard.elf.dir/Drivers/BSP/RF_keyboard.c.obj
                0x08001a08                _read_joy_adc
 .text._touchbar_state
                0x08001a74       0x4c CMakeFiles/keyboard.elf.dir/Drivers/BSP/RF_keyboard.c.obj
                0x08001a74                _touchbar_state
 .text._remap_key
                0x08001ac0      0x238 CMakeFiles/keyboard.elf.dir/Drivers/BSP/RF_keyboard.c.obj
                0x08001ac0                _remap_key
 .text._scan_from_spi
                0x08001cf8       0x7c CMakeFiles/keyboard.elf.dir/Drivers/BSP/RF_keyboard.c.obj
                0x08001cf8                _scan_from_spi
 .text._recheck_key
                0x08001d74       0x88 CMakeFiles/keyboard.elf.dir/Drivers/BSP/RF_keyboard.c.obj
                0x08001d74                _recheck_key
 .text.RFK_init
                0x08001dfc       0x60 CMakeFiles/keyboard.elf.dir/Drivers/BSP/RF_keyboard.c.obj
                0x08001dfc                RFK_init
 .text.HAL_InitTick
                0x08001e5c       0x4c CMakeFiles/keyboard.elf.dir/Drivers/STM32F1xx_HAL_Driver/Src/stm32f1xx_hal.c.obj
                0x08001e5c                HAL_InitTick
 .text.HAL_Init
                0x08001ea8       0x24 CMakeFiles/keyboard.elf.dir/Drivers/STM32F1xx_HAL_Driver/Src/stm32f1xx_hal.c.obj
                0x08001ea8                HAL_Init
 .text.HAL_IncTick
                0x08001ecc       0x18 CMakeFiles/keyboard.elf.dir/Drivers/STM32F1xx_HAL_Driver/Src/stm32f1xx_hal.c.obj
                0x08001ecc                HAL_IncTick
 .text.HAL_GetTick
                0x08001ee4        0xc CMakeFiles/keyboard.elf.dir/Drivers/STM32F1xx_HAL_Driver/Src/stm32f1xx_hal.c.obj
                0x08001ee4                HAL_GetTick
 .text.HAL_Delay
                0x08001ef0       0x28 CMakeFiles/keyboard.elf.dir/Drivers/STM32F1xx_HAL_Driver/Src/stm32f1xx_hal.c.obj
                0x08001ef0                HAL_Delay
 .text.HAL_ADC_ConvCpltCallback
                0x08001f18        0x2 CMakeFiles/keyboard.elf.dir/Drivers/STM32F1xx_HAL_Driver/Src/stm32f1xx_hal_adc.c.obj
                0x08001f18                HAL_ADC_ConvCpltCallback
 .text.ADC_DMAConvCplt
                0x08001f1a       0x52 CMakeFiles/keyboard.elf.dir/Drivers/STM32F1xx_HAL_Driver/Src/stm32f1xx_hal_adc.c.obj
                0x08001f1a                ADC_DMAConvCplt
 .text.HAL_ADC_ConvHalfCpltCallback
                0x08001f6c        0x2 CMakeFiles/keyboard.elf.dir/Drivers/STM32F1xx_HAL_Driver/Src/stm32f1xx_hal_adc.c.obj
                0x08001f6c                HAL_ADC_ConvHalfCpltCallback
 .text.ADC_DMAHalfConvCplt
                0x08001f6e        0xa CMakeFiles/keyboard.elf.dir/Drivers/STM32F1xx_HAL_Driver/Src/stm32f1xx_hal_adc.c.obj
                0x08001f6e                ADC_DMAHalfConvCplt
 .text.HAL_ADC_ErrorCallback
                0x08001f78        0x2 CMakeFiles/keyboard.elf.dir/Drivers/STM32F1xx_HAL_Driver/Src/stm32f1xx_hal_adc.c.obj
                0x08001f78                HAL_ADC_ErrorCallback
 .text.ADC_DMAError
                0x08001f7a       0x1a CMakeFiles/keyboard.elf.dir/Drivers/STM32F1xx_HAL_Driver/Src/stm32f1xx_hal_adc.c.obj
                0x08001f7a                ADC_DMAError
 .text.HAL_ADC_ConfigChannel
                0x08001f94      0x144 CMakeFiles/keyboard.elf.dir/Drivers/STM32F1xx_HAL_Driver/Src/stm32f1xx_hal_adc.c.obj
                0x08001f94                HAL_ADC_ConfigChannel
 .text.ADC_Enable
                0x080020d8       0x88 CMakeFiles/keyboard.elf.dir/Drivers/STM32F1xx_HAL_Driver/Src/stm32f1xx_hal_adc.c.obj
                0x080020d8                ADC_Enable
 .text.HAL_ADC_Start_DMA
                0x08002160      0x130 CMakeFiles/keyboard.elf.dir/Drivers/STM32F1xx_HAL_Driver/Src/stm32f1xx_hal_adc.c.obj
                0x08002160                HAL_ADC_Start_DMA
 .text.ADC_ConversionStop_Disable
                0x08002290       0x56 CMakeFiles/keyboard.elf.dir/Drivers/STM32F1xx_HAL_Driver/Src/stm32f1xx_hal_adc.c.obj
                0x08002290                ADC_ConversionStop_Disable
 *fill*         0x080022e6        0x2 
 .text.HAL_ADC_Init
                0x080022e8      0x128 CMakeFiles/keyboard.elf.dir/Drivers/STM32F1xx_HAL_Driver/Src/stm32f1xx_hal_adc.c.obj
                0x080022e8                HAL_ADC_Init
 .text.HAL_ADCEx_Calibration_Start
                0x08002410      0x100 CMakeFiles/keyboard.elf.dir/Drivers/STM32F1xx_HAL_Driver/Src/stm32f1xx_hal_adc_ex.c.obj
                0x08002410                HAL_ADCEx_Calibration_Start
 .text.HAL_NVIC_SetPriorityGrouping
                0x08002510       0x24 CMakeFiles/keyboard.elf.dir/Drivers/STM32F1xx_HAL_Driver/Src/stm32f1xx_hal_cortex.c.obj
                0x08002510                HAL_NVIC_SetPriorityGrouping
 .text.HAL_NVIC_SetPriority
                0x08002534       0x70 CMakeFiles/keyboard.elf.dir/Drivers/STM32F1xx_HAL_Driver/Src/stm32f1xx_hal_cortex.c.obj
                0x08002534                HAL_NVIC_SetPriority
 .text.HAL_NVIC_EnableIRQ
                0x080025a4       0x1c CMakeFiles/keyboard.elf.dir/Drivers/STM32F1xx_HAL_Driver/Src/stm32f1xx_hal_cortex.c.obj
                0x080025a4                HAL_NVIC_EnableIRQ
 .text.HAL_SYSTICK_Config
                0x080025c0       0x28 CMakeFiles/keyboard.elf.dir/Drivers/STM32F1xx_HAL_Driver/Src/stm32f1xx_hal_cortex.c.obj
                0x080025c0                HAL_SYSTICK_Config
 .text.DMA_SetConfig
                0x080025e8       0x2c CMakeFiles/keyboard.elf.dir/Drivers/STM32F1xx_HAL_Driver/Src/stm32f1xx_hal_dma.c.obj
 .text.HAL_DMA_Init
                0x08002614       0x98 CMakeFiles/keyboard.elf.dir/Drivers/STM32F1xx_HAL_Driver/Src/stm32f1xx_hal_dma.c.obj
                0x08002614                HAL_DMA_Init
 .text.HAL_DMA_Start_IT
                0x080026ac       0x76 CMakeFiles/keyboard.elf.dir/Drivers/STM32F1xx_HAL_Driver/Src/stm32f1xx_hal_dma.c.obj
                0x080026ac                HAL_DMA_Start_IT
 .text.HAL_DMA_Abort
                0x08002722       0x46 CMakeFiles/keyboard.elf.dir/Drivers/STM32F1xx_HAL_Driver/Src/stm32f1xx_hal_dma.c.obj
                0x08002722                HAL_DMA_Abort
 .text.HAL_DMA_Abort_IT
                0x08002768      0x16c CMakeFiles/keyboard.elf.dir/Drivers/STM32F1xx_HAL_Driver/Src/stm32f1xx_hal_dma.c.obj
                0x08002768                HAL_DMA_Abort_IT
 .text.HAL_DMA_IRQHandler
                0x080028d4      0x2ec CMakeFiles/keyboard.elf.dir/Drivers/STM32F1xx_HAL_Driver/Src/stm32f1xx_hal_dma.c.obj
                0x080028d4                HAL_DMA_IRQHandler
 .text.HAL_GPIO_Init
                0x08002bc0      0x240 CMakeFiles/keyboard.elf.dir/Drivers/STM32F1xx_HAL_Driver/Src/stm32f1xx_hal_gpio.c.obj
                0x08002bc0                HAL_GPIO_Init
 .text.HAL_GPIO_WritePin
                0x08002e00        0xc CMakeFiles/keyboard.elf.dir/Drivers/STM32F1xx_HAL_Driver/Src/stm32f1xx_hal_gpio.c.obj
                0x08002e00                HAL_GPIO_WritePin
 .text.HAL_GPIO_TogglePin
                0x08002e0c       0x12 CMakeFiles/keyboard.elf.dir/Drivers/STM32F1xx_HAL_Driver/Src/stm32f1xx_hal_gpio.c.obj
                0x08002e0c                HAL_GPIO_TogglePin
 .text.HAL_PCD_EP_DB_Receive
                0x08002e1e      0x11c CMakeFiles/keyboard.elf.dir/Drivers/STM32F1xx_HAL_Driver/Src/stm32f1xx_hal_pcd.c.obj
 .text.HAL_PCD_Init
                0x08002f3a      0x110 CMakeFiles/keyboard.elf.dir/Drivers/STM32F1xx_HAL_Driver/Src/stm32f1xx_hal_pcd.c.obj
                0x08002f3a                HAL_PCD_Init
 .text.HAL_PCD_Start
                0x0800304a       0x32 CMakeFiles/keyboard.elf.dir/Drivers/STM32F1xx_HAL_Driver/Src/stm32f1xx_hal_pcd.c.obj
                0x0800304a                HAL_PCD_Start
 .text.HAL_PCD_EP_DB_Transmit
                0x0800307c      0x424 CMakeFiles/keyboard.elf.dir/Drivers/STM32F1xx_HAL_Driver/Src/stm32f1xx_hal_pcd.c.obj
 .text.PCD_EP_ISR_Handler
                0x080034a0      0x536 CMakeFiles/keyboard.elf.dir/Drivers/STM32F1xx_HAL_Driver/Src/stm32f1xx_hal_pcd.c.obj
 .text.HAL_PCD_SetAddress
                0x080039d6       0x28 CMakeFiles/keyboard.elf.dir/Drivers/STM32F1xx_HAL_Driver/Src/stm32f1xx_hal_pcd.c.obj
                0x080039d6                HAL_PCD_SetAddress
 .text.HAL_PCD_IRQHandler
                0x080039fe      0x1b0 CMakeFiles/keyboard.elf.dir/Drivers/STM32F1xx_HAL_Driver/Src/stm32f1xx_hal_pcd.c.obj
                0x080039fe                HAL_PCD_IRQHandler
 .text.HAL_PCD_EP_Open
                0x08003bae       0x7c CMakeFiles/keyboard.elf.dir/Drivers/STM32F1xx_HAL_Driver/Src/stm32f1xx_hal_pcd.c.obj
                0x08003bae                HAL_PCD_EP_Open
 .text.HAL_PCD_EP_Close
                0x08003c2a       0x64 CMakeFiles/keyboard.elf.dir/Drivers/STM32F1xx_HAL_Driver/Src/stm32f1xx_hal_pcd.c.obj
                0x08003c2a                HAL_PCD_EP_Close
 .text.HAL_PCD_EP_Receive
                0x08003c8e       0x3a CMakeFiles/keyboard.elf.dir/Drivers/STM32F1xx_HAL_Driver/Src/stm32f1xx_hal_pcd.c.obj
                0x08003c8e                HAL_PCD_EP_Receive
 .text.HAL_PCD_EP_Transmit
                0x08003cc8       0x44 CMakeFiles/keyboard.elf.dir/Drivers/STM32F1xx_HAL_Driver/Src/stm32f1xx_hal_pcd.c.obj
                0x08003cc8                HAL_PCD_EP_Transmit
 .text.HAL_PCD_EP_SetStall
                0x08003d0c       0x78 CMakeFiles/keyboard.elf.dir/Drivers/STM32F1xx_HAL_Driver/Src/stm32f1xx_hal_pcd.c.obj
                0x08003d0c                HAL_PCD_EP_SetStall
 .text.HAL_PCD_EP_ClrStall
                0x08003d84       0x76 CMakeFiles/keyboard.elf.dir/Drivers/STM32F1xx_HAL_Driver/Src/stm32f1xx_hal_pcd.c.obj
                0x08003d84                HAL_PCD_EP_ClrStall
 .text.HAL_PCDEx_PMAConfig
                0x08003dfa       0x38 CMakeFiles/keyboard.elf.dir/Drivers/STM32F1xx_HAL_Driver/Src/stm32f1xx_hal_pcd_ex.c.obj
                0x08003dfa                HAL_PCDEx_PMAConfig
 *fill*         0x08003e32        0x2 
 .text.RCC_Delay
                0x08003e34       0x2c CMakeFiles/keyboard.elf.dir/Drivers/STM32F1xx_HAL_Driver/Src/stm32f1xx_hal_rcc.c.obj
 .text.HAL_RCC_OscConfig
                0x08003e60      0x410 CMakeFiles/keyboard.elf.dir/Drivers/STM32F1xx_HAL_Driver/Src/stm32f1xx_hal_rcc.c.obj
                0x08003e60                HAL_RCC_OscConfig
 .text.HAL_RCC_GetSysClockFreq
                0x08004270       0x54 CMakeFiles/keyboard.elf.dir/Drivers/STM32F1xx_HAL_Driver/Src/stm32f1xx_hal_rcc.c.obj
                0x08004270                HAL_RCC_GetSysClockFreq
 .text.HAL_RCC_ClockConfig
                0x080042c4      0x16c CMakeFiles/keyboard.elf.dir/Drivers/STM32F1xx_HAL_Driver/Src/stm32f1xx_hal_rcc.c.obj
                0x080042c4                HAL_RCC_ClockConfig
 .text.HAL_RCC_GetHCLKFreq
                0x08004430        0xc CMakeFiles/keyboard.elf.dir/Drivers/STM32F1xx_HAL_Driver/Src/stm32f1xx_hal_rcc.c.obj
                0x08004430                HAL_RCC_GetHCLKFreq
 .text.HAL_RCC_GetPCLK1Freq
                0x0800443c       0x20 CMakeFiles/keyboard.elf.dir/Drivers/STM32F1xx_HAL_Driver/Src/stm32f1xx_hal_rcc.c.obj
                0x0800443c                HAL_RCC_GetPCLK1Freq
 .text.HAL_RCC_GetPCLK2Freq
                0x0800445c       0x20 CMakeFiles/keyboard.elf.dir/Drivers/STM32F1xx_HAL_Driver/Src/stm32f1xx_hal_rcc.c.obj
                0x0800445c                HAL_RCC_GetPCLK2Freq
 .text.HAL_RCCEx_PeriphCLKConfig
                0x0800447c      0x118 CMakeFiles/keyboard.elf.dir/Drivers/STM32F1xx_HAL_Driver/Src/stm32f1xx_hal_rcc_ex.c.obj
                0x0800447c                HAL_RCCEx_PeriphCLKConfig
 .text.HAL_RCCEx_GetPeriphCLKFreq
                0x08004594       0xf4 CMakeFiles/keyboard.elf.dir/Drivers/STM32F1xx_HAL_Driver/Src/stm32f1xx_hal_rcc_ex.c.obj
                0x08004594                HAL_RCCEx_GetPeriphCLKFreq
 .text.HAL_SPI_Init
                0x08004688       0xb6 CMakeFiles/keyboard.elf.dir/Drivers/STM32F1xx_HAL_Driver/Src/stm32f1xx_hal_spi.c.obj
                0x08004688                HAL_SPI_Init
 .text.UART_EndTxTransfer
                0x0800473e       0x20 CMakeFiles/keyboard.elf.dir/Drivers/STM32F1xx_HAL_Driver/Src/stm32f1xx_hal_uart.c.obj
 .text.UART_EndRxTransfer
                0x0800475e       0x5c CMakeFiles/keyboard.elf.dir/Drivers/STM32F1xx_HAL_Driver/Src/stm32f1xx_hal_uart.c.obj
 .text.UART_Transmit_IT
                0x080047ba       0x60 CMakeFiles/keyboard.elf.dir/Drivers/STM32F1xx_HAL_Driver/Src/stm32f1xx_hal_uart.c.obj
 *fill*         0x0800481a        0x2 
 .text.UART_SetConfig
                0x0800481c       0x94 CMakeFiles/keyboard.elf.dir/Drivers/STM32F1xx_HAL_Driver/Src/stm32f1xx_hal_uart.c.obj
 .text.UART_WaitOnFlagUntilTimeout
                0x080048b0       0x88 CMakeFiles/keyboard.elf.dir/Drivers/STM32F1xx_HAL_Driver/Src/stm32f1xx_hal_uart.c.obj
 .text.HAL_UART_Init
                0x08004938       0x60 CMakeFiles/keyboard.elf.dir/Drivers/STM32F1xx_HAL_Driver/Src/stm32f1xx_hal_uart.c.obj
                0x08004938                HAL_UART_Init
 .text.HAL_UART_Transmit
                0x08004998       0xbe CMakeFiles/keyboard.elf.dir/Drivers/STM32F1xx_HAL_Driver/Src/stm32f1xx_hal_uart.c.obj
                0x08004998                HAL_UART_Transmit
 .text.HAL_UART_TxCpltCallback
                0x08004a56        0x2 CMakeFiles/keyboard.elf.dir/Drivers/STM32F1xx_HAL_Driver/Src/stm32f1xx_hal_uart.c.obj
                0x08004a56                HAL_UART_TxCpltCallback
 .text.UART_EndTransmit_IT
                0x08004a58       0x1a CMakeFiles/keyboard.elf.dir/Drivers/STM32F1xx_HAL_Driver/Src/stm32f1xx_hal_uart.c.obj
 .text.HAL_UART_RxCpltCallback
                0x08004a72        0x2 CMakeFiles/keyboard.elf.dir/Drivers/STM32F1xx_HAL_Driver/Src/stm32f1xx_hal_uart.c.obj
                0x08004a72                HAL_UART_RxCpltCallback
 .text.HAL_UART_RxHalfCpltCallback
                0x08004a74        0x2 CMakeFiles/keyboard.elf.dir/Drivers/STM32F1xx_HAL_Driver/Src/stm32f1xx_hal_uart.c.obj
                0x08004a74                HAL_UART_RxHalfCpltCallback
 .text.HAL_UART_ErrorCallback
                0x08004a76        0x2 CMakeFiles/keyboard.elf.dir/Drivers/STM32F1xx_HAL_Driver/Src/stm32f1xx_hal_uart.c.obj
                0x08004a76                HAL_UART_ErrorCallback
 .text.UART_DMAError
                0x08004a78       0x58 CMakeFiles/keyboard.elf.dir/Drivers/STM32F1xx_HAL_Driver/Src/stm32f1xx_hal_uart.c.obj
 .text.UART_DMAAbortOnError
                0x08004ad0       0x10 CMakeFiles/keyboard.elf.dir/Drivers/STM32F1xx_HAL_Driver/Src/stm32f1xx_hal_uart.c.obj
 .text.UART_Receive_IT
                0x08004ae0       0xe6 CMakeFiles/keyboard.elf.dir/Drivers/STM32F1xx_HAL_Driver/Src/stm32f1xx_hal_uart.c.obj
 *fill*         0x08004bc6        0x2 
 .text.HAL_UART_IRQHandler
                0x08004bc8      0x288 CMakeFiles/keyboard.elf.dir/Drivers/STM32F1xx_HAL_Driver/Src/stm32f1xx_hal_uart.c.obj
                0x08004bc8                HAL_UART_IRQHandler
 .text.UART_DMARxHalfCplt
                0x08004e50       0x1e CMakeFiles/keyboard.elf.dir/Drivers/STM32F1xx_HAL_Driver/Src/stm32f1xx_hal_uart.c.obj
 .text.UART_DMAReceiveCplt
                0x08004e6e       0x9a CMakeFiles/keyboard.elf.dir/Drivers/STM32F1xx_HAL_Driver/Src/stm32f1xx_hal_uart.c.obj
 .text.UART_Start_Receive_DMA
                0x08004f08       0xa4 CMakeFiles/keyboard.elf.dir/Drivers/STM32F1xx_HAL_Driver/Src/stm32f1xx_hal_uart.c.obj
                0x08004f08                UART_Start_Receive_DMA
 .text.HAL_UARTEx_ReceiveToIdle_DMA
                0x08004fac       0x66 CMakeFiles/keyboard.elf.dir/Drivers/STM32F1xx_HAL_Driver/Src/stm32f1xx_hal_uart.c.obj
                0x08004fac                HAL_UARTEx_ReceiveToIdle_DMA
 .text.USB_CoreInit
                0x08005012        0xe CMakeFiles/keyboard.elf.dir/Drivers/STM32F1xx_HAL_Driver/Src/stm32f1xx_ll_usb.c.obj
                0x08005012                USB_CoreInit
 .text.USB_EnableGlobalInt
                0x08005020       0x12 CMakeFiles/keyboard.elf.dir/Drivers/STM32F1xx_HAL_Driver/Src/stm32f1xx_ll_usb.c.obj
                0x08005020                USB_EnableGlobalInt
 .text.USB_DisableGlobalInt
                0x08005032       0x14 CMakeFiles/keyboard.elf.dir/Drivers/STM32F1xx_HAL_Driver/Src/stm32f1xx_ll_usb.c.obj
                0x08005032                USB_DisableGlobalInt
 .text.USB_SetCurrentMode
                0x08005046        0x4 CMakeFiles/keyboard.elf.dir/Drivers/STM32F1xx_HAL_Driver/Src/stm32f1xx_ll_usb.c.obj
                0x08005046                USB_SetCurrentMode
 .text.USB_DevInit
                0x0800504a       0x22 CMakeFiles/keyboard.elf.dir/Drivers/STM32F1xx_HAL_Driver/Src/stm32f1xx_ll_usb.c.obj
                0x0800504a                USB_DevInit
 .text.USB_ActivateEndpoint
                0x0800506c      0x3ca CMakeFiles/keyboard.elf.dir/Drivers/STM32F1xx_HAL_Driver/Src/stm32f1xx_ll_usb.c.obj
                0x0800506c                USB_ActivateEndpoint
 .text.USB_DeactivateEndpoint
                0x08005436      0x1d6 CMakeFiles/keyboard.elf.dir/Drivers/STM32F1xx_HAL_Driver/Src/stm32f1xx_ll_usb.c.obj
                0x08005436                USB_DeactivateEndpoint
 .text.USB_EPSetStall
                0x0800560c       0x4a CMakeFiles/keyboard.elf.dir/Drivers/STM32F1xx_HAL_Driver/Src/stm32f1xx_ll_usb.c.obj
                0x0800560c                USB_EPSetStall
 .text.USB_EPClearStall
                0x08005656       0xa2 CMakeFiles/keyboard.elf.dir/Drivers/STM32F1xx_HAL_Driver/Src/stm32f1xx_ll_usb.c.obj
                0x08005656                USB_EPClearStall
 .text.USB_SetDevAddress
                0x080056f8        0xc CMakeFiles/keyboard.elf.dir/Drivers/STM32F1xx_HAL_Driver/Src/stm32f1xx_ll_usb.c.obj
                0x080056f8                USB_SetDevAddress
 .text.USB_DevConnect
                0x08005704        0x4 CMakeFiles/keyboard.elf.dir/Drivers/STM32F1xx_HAL_Driver/Src/stm32f1xx_ll_usb.c.obj
                0x08005704                USB_DevConnect
 .text.USB_DevDisconnect
                0x08005708        0x4 CMakeFiles/keyboard.elf.dir/Drivers/STM32F1xx_HAL_Driver/Src/stm32f1xx_ll_usb.c.obj
                0x08005708                USB_DevDisconnect
 .text.USB_ReadInterrupts
                0x0800570c        0x8 CMakeFiles/keyboard.elf.dir/Drivers/STM32F1xx_HAL_Driver/Src/stm32f1xx_ll_usb.c.obj
                0x0800570c                USB_ReadInterrupts
 .text.USB_EP0_OutStart
                0x08005714        0x4 CMakeFiles/keyboard.elf.dir/Drivers/STM32F1xx_HAL_Driver/Src/stm32f1xx_ll_usb.c.obj
                0x08005714                USB_EP0_OutStart
 .text.USB_WritePMA
                0x08005718       0x28 CMakeFiles/keyboard.elf.dir/Drivers/STM32F1xx_HAL_Driver/Src/stm32f1xx_ll_usb.c.obj
                0x08005718                USB_WritePMA
 .text.USB_EPStartXfer
                0x08005740      0x7ce CMakeFiles/keyboard.elf.dir/Drivers/STM32F1xx_HAL_Driver/Src/stm32f1xx_ll_usb.c.obj
                0x08005740                USB_EPStartXfer
 .text.USB_ReadPMA
                0x08005f0e       0x30 CMakeFiles/keyboard.elf.dir/Drivers/STM32F1xx_HAL_Driver/Src/stm32f1xx_ll_usb.c.obj
                0x08005f0e                USB_ReadPMA
 *fill*         0x08005f3e        0x2 
 .text.USBD_CUSTOM_HID_GetFSCfgDesc
                0x08005f40        0xc CMakeFiles/keyboard.elf.dir/Middlewares/ST/STM32_USB_Device_Library/Class/CustomHID/Src/usbd_customhid.c.obj
 .text.USBD_CUSTOM_HID_GetHSCfgDesc
                0x08005f4c        0xc CMakeFiles/keyboard.elf.dir/Middlewares/ST/STM32_USB_Device_Library/Class/CustomHID/Src/usbd_customhid.c.obj
 .text.USBD_CUSTOM_HID_GetOtherSpeedCfgDesc
                0x08005f58        0xc CMakeFiles/keyboard.elf.dir/Middlewares/ST/STM32_USB_Device_Library/Class/CustomHID/Src/usbd_customhid.c.obj
 .text.USBD_CUSTOM_HID_DataIn
                0x08005f64        0xc CMakeFiles/keyboard.elf.dir/Middlewares/ST/STM32_USB_Device_Library/Class/CustomHID/Src/usbd_customhid.c.obj
 .text.USBD_CUSTOM_HID_EP0_RxReady
                0x08005f70       0x22 CMakeFiles/keyboard.elf.dir/Middlewares/ST/STM32_USB_Device_Library/Class/CustomHID/Src/usbd_customhid.c.obj
 *fill*         0x08005f92        0x2 
 .text.USBD_CUSTOM_HID_GetDeviceQualifierDesc
                0x08005f94        0xc CMakeFiles/keyboard.elf.dir/Middlewares/ST/STM32_USB_Device_Library/Class/CustomHID/Src/usbd_customhid.c.obj
 .text.USBD_CUSTOM_HID_DataOut
                0x08005fa0       0x24 CMakeFiles/keyboard.elf.dir/Middlewares/ST/STM32_USB_Device_Library/Class/CustomHID/Src/usbd_customhid.c.obj
 .text.USBD_CUSTOM_HID_Setup
                0x08005fc4      0x128 CMakeFiles/keyboard.elf.dir/Middlewares/ST/STM32_USB_Device_Library/Class/CustomHID/Src/usbd_customhid.c.obj
 .text.USBD_CUSTOM_HID_DeInit
                0x080060ec       0x38 CMakeFiles/keyboard.elf.dir/Middlewares/ST/STM32_USB_Device_Library/Class/CustomHID/Src/usbd_customhid.c.obj
 .text.USBD_CUSTOM_HID_Init
                0x08006124       0x52 CMakeFiles/keyboard.elf.dir/Middlewares/ST/STM32_USB_Device_Library/Class/CustomHID/Src/usbd_customhid.c.obj
 .text.USBD_CUSTOM_HID_SendReport
                0x08006176       0x30 CMakeFiles/keyboard.elf.dir/Middlewares/ST/STM32_USB_Device_Library/Class/CustomHID/Src/usbd_customhid.c.obj
                0x08006176                USBD_CUSTOM_HID_SendReport
 .text.USBD_CUSTOM_HID_RegisterInterface
                0x080061a6        0xe CMakeFiles/keyboard.elf.dir/Middlewares/ST/STM32_USB_Device_Library/Class/CustomHID/Src/usbd_customhid.c.obj
                0x080061a6                USBD_CUSTOM_HID_RegisterInterface
 .text.USBD_Init
                0x080061b4       0x2e CMakeFiles/keyboard.elf.dir/Middlewares/ST/STM32_USB_Device_Library/Core/Src/usbd_core.c.obj
                0x080061b4                USBD_Init
 .text.USBD_RegisterClass
                0x080061e2        0xe CMakeFiles/keyboard.elf.dir/Middlewares/ST/STM32_USB_Device_Library/Core/Src/usbd_core.c.obj
                0x080061e2                USBD_RegisterClass
 .text.USBD_Start
                0x080061f0        0xa CMakeFiles/keyboard.elf.dir/Middlewares/ST/STM32_USB_Device_Library/Core/Src/usbd_core.c.obj
                0x080061f0                USBD_Start
 .text.USBD_SetClassConfig
                0x080061fa       0x18 CMakeFiles/keyboard.elf.dir/Middlewares/ST/STM32_USB_Device_Library/Core/Src/usbd_core.c.obj
                0x080061fa                USBD_SetClassConfig
 .text.USBD_ClrClassConfig
                0x08006212        0xe CMakeFiles/keyboard.elf.dir/Middlewares/ST/STM32_USB_Device_Library/Core/Src/usbd_core.c.obj
                0x08006212                USBD_ClrClassConfig
 .text.USBD_LL_SetupStage
                0x08006220       0x5a CMakeFiles/keyboard.elf.dir/Middlewares/ST/STM32_USB_Device_Library/Core/Src/usbd_core.c.obj
                0x08006220                USBD_LL_SetupStage
 .text.USBD_LL_DataOutStage
                0x0800627a       0x8c CMakeFiles/keyboard.elf.dir/Middlewares/ST/STM32_USB_Device_Library/Core/Src/usbd_core.c.obj
                0x0800627a                USBD_LL_DataOutStage
 .text.USBD_LL_DataInStage
                0x08006306       0xd0 CMakeFiles/keyboard.elf.dir/Middlewares/ST/STM32_USB_Device_Library/Core/Src/usbd_core.c.obj
                0x08006306                USBD_LL_DataInStage
 .text.USBD_LL_Reset
                0x080063d6       0x50 CMakeFiles/keyboard.elf.dir/Middlewares/ST/STM32_USB_Device_Library/Core/Src/usbd_core.c.obj
                0x080063d6                USBD_LL_Reset
 .text.USBD_LL_SetSpeed
                0x08006426        0x6 CMakeFiles/keyboard.elf.dir/Middlewares/ST/STM32_USB_Device_Library/Core/Src/usbd_core.c.obj
                0x08006426                USBD_LL_SetSpeed
 .text.USBD_LL_Suspend
                0x0800642c       0x12 CMakeFiles/keyboard.elf.dir/Middlewares/ST/STM32_USB_Device_Library/Core/Src/usbd_core.c.obj
                0x0800642c                USBD_LL_Suspend
 .text.USBD_LL_Resume
                0x0800643e       0x16 CMakeFiles/keyboard.elf.dir/Middlewares/ST/STM32_USB_Device_Library/Core/Src/usbd_core.c.obj
                0x0800643e                USBD_LL_Resume
 .text.USBD_LL_SOF
                0x08006454       0x1c CMakeFiles/keyboard.elf.dir/Middlewares/ST/STM32_USB_Device_Library/Core/Src/usbd_core.c.obj
                0x08006454                USBD_LL_SOF
 .text.USBD_GetLen
                0x08006470       0x14 CMakeFiles/keyboard.elf.dir/Middlewares/ST/STM32_USB_Device_Library/Core/Src/usbd_ctlreq.c.obj
 .text.USBD_SetFeature
                0x08006484       0x14 CMakeFiles/keyboard.elf.dir/Middlewares/ST/STM32_USB_Device_Library/Core/Src/usbd_ctlreq.c.obj
 .text.USBD_ParseSetupRequest
                0x08006498       0x28 CMakeFiles/keyboard.elf.dir/Middlewares/ST/STM32_USB_Device_Library/Core/Src/usbd_ctlreq.c.obj
                0x08006498                USBD_ParseSetupRequest
 .text.USBD_CtlError
                0x080064c0       0x14 CMakeFiles/keyboard.elf.dir/Middlewares/ST/STM32_USB_Device_Library/Core/Src/usbd_ctlreq.c.obj
                0x080064c0                USBD_CtlError
 .text.USBD_GetDescriptor
                0x080064d4      0x186 CMakeFiles/keyboard.elf.dir/Middlewares/ST/STM32_USB_Device_Library/Core/Src/usbd_ctlreq.c.obj
 .text.USBD_SetAddress
                0x0800665a       0x4e CMakeFiles/keyboard.elf.dir/Middlewares/ST/STM32_USB_Device_Library/Core/Src/usbd_ctlreq.c.obj
 .text.USBD_SetConfig
                0x080066a8       0xb0 CMakeFiles/keyboard.elf.dir/Middlewares/ST/STM32_USB_Device_Library/Core/Src/usbd_ctlreq.c.obj
 .text.USBD_GetConfig
                0x08006758       0x3e CMakeFiles/keyboard.elf.dir/Middlewares/ST/STM32_USB_Device_Library/Core/Src/usbd_ctlreq.c.obj
 .text.USBD_GetStatus
                0x08006796       0x38 CMakeFiles/keyboard.elf.dir/Middlewares/ST/STM32_USB_Device_Library/Core/Src/usbd_ctlreq.c.obj
 .text.USBD_ClrFeature
                0x080067ce       0x26 CMakeFiles/keyboard.elf.dir/Middlewares/ST/STM32_USB_Device_Library/Core/Src/usbd_ctlreq.c.obj
 .text.USBD_StdDevReq
                0x080067f4       0x68 CMakeFiles/keyboard.elf.dir/Middlewares/ST/STM32_USB_Device_Library/Core/Src/usbd_ctlreq.c.obj
                0x080067f4                USBD_StdDevReq
 .text.USBD_StdItfReq
                0x0800685c       0x60 CMakeFiles/keyboard.elf.dir/Middlewares/ST/STM32_USB_Device_Library/Core/Src/usbd_ctlreq.c.obj
                0x0800685c                USBD_StdItfReq
 .text.USBD_StdEPReq
                0x080068bc      0x1e2 CMakeFiles/keyboard.elf.dir/Middlewares/ST/STM32_USB_Device_Library/Core/Src/usbd_ctlreq.c.obj
                0x080068bc                USBD_StdEPReq
 .text.USBD_GetString
                0x08006a9e       0x3a CMakeFiles/keyboard.elf.dir/Middlewares/ST/STM32_USB_Device_Library/Core/Src/usbd_ctlreq.c.obj
                0x08006a9e                USBD_GetString
 .text.USBD_CtlSendData
                0x08006ad8       0x1a CMakeFiles/keyboard.elf.dir/Middlewares/ST/STM32_USB_Device_Library/Core/Src/usbd_ioreq.c.obj
                0x08006ad8                USBD_CtlSendData
 .text.USBD_CtlContinueSendData
                0x08006af2       0x10 CMakeFiles/keyboard.elf.dir/Middlewares/ST/STM32_USB_Device_Library/Core/Src/usbd_ioreq.c.obj
                0x08006af2                USBD_CtlContinueSendData
 .text.USBD_CtlPrepareRx
                0x08006b02       0x1e CMakeFiles/keyboard.elf.dir/Middlewares/ST/STM32_USB_Device_Library/Core/Src/usbd_ioreq.c.obj
                0x08006b02                USBD_CtlPrepareRx
 .text.USBD_CtlContinueRx
                0x08006b20       0x10 CMakeFiles/keyboard.elf.dir/Middlewares/ST/STM32_USB_Device_Library/Core/Src/usbd_ioreq.c.obj
                0x08006b20                USBD_CtlContinueRx
 .text.USBD_CtlSendStatus
                0x08006b30       0x16 CMakeFiles/keyboard.elf.dir/Middlewares/ST/STM32_USB_Device_Library/Core/Src/usbd_ioreq.c.obj
                0x08006b30                USBD_CtlSendStatus
 .text.USBD_CtlReceiveStatus
                0x08006b46       0x16 CMakeFiles/keyboard.elf.dir/Middlewares/ST/STM32_USB_Device_Library/Core/Src/usbd_ioreq.c.obj
                0x08006b46                USBD_CtlReceiveStatus
 .text.MX_USB_DEVICE_Init
                0x08006b5c       0x54 CMakeFiles/keyboard.elf.dir/USB_DEVICE/App/usb_device.c.obj
                0x08006b5c                MX_USB_DEVICE_Init
 .text.CUSTOM_HID_Init_FS
                0x08006bb0        0x4 CMakeFiles/keyboard.elf.dir/USB_DEVICE/App/usbd_custom_hid_if.c.obj
 .text.CUSTOM_HID_DeInit_FS
                0x08006bb4        0x4 CMakeFiles/keyboard.elf.dir/USB_DEVICE/App/usbd_custom_hid_if.c.obj
 .text.CUSTOM_HID_OutEvent_FS
                0x08006bb8        0x4 CMakeFiles/keyboard.elf.dir/USB_DEVICE/App/usbd_custom_hid_if.c.obj
 .text.USBD_FS_DeviceDescriptor
                0x08006bbc        0xc CMakeFiles/keyboard.elf.dir/USB_DEVICE/App/usbd_desc.c.obj
                0x08006bbc                USBD_FS_DeviceDescriptor
 .text.USBD_FS_LangIDStrDescriptor
                0x08006bc8        0xc CMakeFiles/keyboard.elf.dir/USB_DEVICE/App/usbd_desc.c.obj
                0x08006bc8                USBD_FS_LangIDStrDescriptor
 .text.IntToUnicode
                0x08006bd4       0x46 CMakeFiles/keyboard.elf.dir/USB_DEVICE/App/usbd_desc.c.obj
 *fill*         0x08006c1a        0x2 
 .text.Get_SerialNum
                0x08006c1c       0x38 CMakeFiles/keyboard.elf.dir/USB_DEVICE/App/usbd_desc.c.obj
 .text.USBD_FS_SerialStrDescriptor
                0x08006c54       0x14 CMakeFiles/keyboard.elf.dir/USB_DEVICE/App/usbd_desc.c.obj
                0x08006c54                USBD_FS_SerialStrDescriptor
 .text.USBD_FS_ProductStrDescriptor
                0x08006c68       0x24 CMakeFiles/keyboard.elf.dir/USB_DEVICE/App/usbd_desc.c.obj
                0x08006c68                USBD_FS_ProductStrDescriptor
 .text.USBD_FS_ManufacturerStrDescriptor
                0x08006c8c       0x1c CMakeFiles/keyboard.elf.dir/USB_DEVICE/App/usbd_desc.c.obj
                0x08006c8c                USBD_FS_ManufacturerStrDescriptor
 .text.USBD_FS_ConfigStrDescriptor
                0x08006ca8       0x24 CMakeFiles/keyboard.elf.dir/USB_DEVICE/App/usbd_desc.c.obj
                0x08006ca8                USBD_FS_ConfigStrDescriptor
 .text.USBD_FS_InterfaceStrDescriptor
                0x08006ccc       0x24 CMakeFiles/keyboard.elf.dir/USB_DEVICE/App/usbd_desc.c.obj
                0x08006ccc                USBD_FS_InterfaceStrDescriptor
 .text.USBD_Get_USB_Status
                0x08006cf0       0x14 CMakeFiles/keyboard.elf.dir/USB_DEVICE/Target/usbd_conf.c.obj
 .text.HAL_PCD_MspInit
                0x08006d04       0x40 CMakeFiles/keyboard.elf.dir/USB_DEVICE/Target/usbd_conf.c.obj
                0x08006d04                HAL_PCD_MspInit
 .text.HAL_PCD_SetupStageCallback
                0x08006d44       0x10 CMakeFiles/keyboard.elf.dir/USB_DEVICE/Target/usbd_conf.c.obj
                0x08006d44                HAL_PCD_SetupStageCallback
 .text.HAL_PCD_DataOutStageCallback
                0x08006d54       0x18 CMakeFiles/keyboard.elf.dir/USB_DEVICE/Target/usbd_conf.c.obj
                0x08006d54                HAL_PCD_DataOutStageCallback
 .text.HAL_PCD_DataInStageCallback
                0x08006d6c       0x16 CMakeFiles/keyboard.elf.dir/USB_DEVICE/Target/usbd_conf.c.obj
                0x08006d6c                HAL_PCD_DataInStageCallback
 .text.HAL_PCD_SOFCallback
                0x08006d82        0xc CMakeFiles/keyboard.elf.dir/USB_DEVICE/Target/usbd_conf.c.obj
                0x08006d82                HAL_PCD_SOFCallback
 .text.HAL_PCD_ResetCallback
                0x08006d8e       0x24 CMakeFiles/keyboard.elf.dir/USB_DEVICE/Target/usbd_conf.c.obj
                0x08006d8e                HAL_PCD_ResetCallback
 *fill*         0x08006db2        0x2 
 .text.HAL_PCD_SuspendCallback
                0x08006db4       0x20 CMakeFiles/keyboard.elf.dir/USB_DEVICE/Target/usbd_conf.c.obj
                0x08006db4                HAL_PCD_SuspendCallback
 .text.HAL_PCD_ResumeCallback
                0x08006dd4        0xc CMakeFiles/keyboard.elf.dir/USB_DEVICE/Target/usbd_conf.c.obj
                0x08006dd4                HAL_PCD_ResumeCallback
 .text.USBD_LL_Init
                0x08006de0       0x74 CMakeFiles/keyboard.elf.dir/USB_DEVICE/Target/usbd_conf.c.obj
                0x08006de0                USBD_LL_Init
 .text.USBD_LL_Start
                0x08006e54       0x10 CMakeFiles/keyboard.elf.dir/USB_DEVICE/Target/usbd_conf.c.obj
                0x08006e54                USBD_LL_Start
 .text.USBD_LL_OpenEP
                0x08006e64       0x16 CMakeFiles/keyboard.elf.dir/USB_DEVICE/Target/usbd_conf.c.obj
                0x08006e64                USBD_LL_OpenEP
 .text.USBD_LL_CloseEP
                0x08006e7a       0x10 CMakeFiles/keyboard.elf.dir/USB_DEVICE/Target/usbd_conf.c.obj
                0x08006e7a                USBD_LL_CloseEP
 .text.USBD_LL_StallEP
                0x08006e8a       0x10 CMakeFiles/keyboard.elf.dir/USB_DEVICE/Target/usbd_conf.c.obj
                0x08006e8a                USBD_LL_StallEP
 .text.USBD_LL_ClearStallEP
                0x08006e9a       0x10 CMakeFiles/keyboard.elf.dir/USB_DEVICE/Target/usbd_conf.c.obj
                0x08006e9a                USBD_LL_ClearStallEP
 .text.USBD_LL_IsStallEP
                0x08006eaa       0x2e CMakeFiles/keyboard.elf.dir/USB_DEVICE/Target/usbd_conf.c.obj
                0x08006eaa                USBD_LL_IsStallEP
 .text.USBD_LL_SetUSBAddress
                0x08006ed8       0x10 CMakeFiles/keyboard.elf.dir/USB_DEVICE/Target/usbd_conf.c.obj
                0x08006ed8                USBD_LL_SetUSBAddress
 .text.USBD_LL_Transmit
                0x08006ee8       0x10 CMakeFiles/keyboard.elf.dir/USB_DEVICE/Target/usbd_conf.c.obj
                0x08006ee8                USBD_LL_Transmit
 .text.USBD_LL_PrepareReceive
                0x08006ef8       0x10 CMakeFiles/keyboard.elf.dir/USB_DEVICE/Target/usbd_conf.c.obj
                0x08006ef8                USBD_LL_PrepareReceive
 .text.USBD_static_malloc
                0x08006f08        0x8 CMakeFiles/keyboard.elf.dir/USB_DEVICE/Target/usbd_conf.c.obj
                0x08006f08                USBD_static_malloc
 .text.USBD_static_free
                0x08006f10        0x2 CMakeFiles/keyboard.elf.dir/USB_DEVICE/Target/usbd_conf.c.obj
                0x08006f10                USBD_static_free
 .text.HAL_PCDEx_SetConnectionState
                0x08006f12        0x2 CMakeFiles/keyboard.elf.dir/USB_DEVICE/Target/usbd_conf.c.obj
                0x08006f12                HAL_PCDEx_SetConnectionState
 .text.__errno  0x08006f14        0xc e:/gnu/10 2021.10/bin/../lib/gcc/arm-none-eabi/10.3.1/../../../../arm-none-eabi/lib/thumb/v7-m/nofp\libg.a(lib_a-errno.o)
                0x08006f14                __errno
 .text.__libc_init_array
                0x08006f20       0x48 e:/gnu/10 2021.10/bin/../lib/gcc/arm-none-eabi/10.3.1/../../../../arm-none-eabi/lib/thumb/v7-m/nofp\libg.a(lib_a-init.o)
                0x08006f20                __libc_init_array
 .text.memset   0x08006f68       0xa4 e:/gnu/10 2021.10/bin/../lib/gcc/arm-none-eabi/10.3.1/../../../../arm-none-eabi/lib/thumb/v7-m/nofp\libg.a(lib_a-memset.o)
                0x08006f68                memset
 .text.strlen   0x0800700c       0x5c e:/gnu/10 2021.10/bin/../lib/gcc/arm-none-eabi/10.3.1/../../../../arm-none-eabi/lib/thumb/v7-m/nofp\libg.a(lib_a-strlen-stub.o)
                0x0800700c                strlen
 .text.vsprintf
                0x08007068       0x38 e:/gnu/10 2021.10/bin/../lib/gcc/arm-none-eabi/10.3.1/../../../../arm-none-eabi/lib/thumb/v7-m/nofp\libg.a(lib_a-vsprintf.o)
                0x08007068                vsprintf
 .text.startup.register_fini
                0x080070a0       0x14 e:/gnu/10 2021.10/bin/../lib/gcc/arm-none-eabi/10.3.1/../../../../arm-none-eabi/lib/thumb/v7-m/nofp\libg.a(lib_a-__call_atexit.o)
 .text.atexit   0x080070b4        0xc e:/gnu/10 2021.10/bin/../lib/gcc/arm-none-eabi/10.3.1/../../../../arm-none-eabi/lib/thumb/v7-m/nofp\libg.a(lib_a-atexit.o)
                0x080070b4                atexit
 .text.__libc_fini_array
                0x080070c0       0x2c e:/gnu/10 2021.10/bin/../lib/gcc/arm-none-eabi/10.3.1/../../../../arm-none-eabi/lib/thumb/v7-m/nofp\libg.a(lib_a-fini.o)
                0x080070c0                __libc_fini_array
 .text.__retarget_lock_init_recursive
                0x080070ec        0x4 e:/gnu/10 2021.10/bin/../lib/gcc/arm-none-eabi/10.3.1/../../../../arm-none-eabi/lib/thumb/v7-m/nofp\libg.a(lib_a-lock.o)
                0x080070ec                __retarget_lock_init_recursive
 .text.__retarget_lock_close_recursive
                0x080070f0        0x4 e:/gnu/10 2021.10/bin/../lib/gcc/arm-none-eabi/10.3.1/../../../../arm-none-eabi/lib/thumb/v7-m/nofp\libg.a(lib_a-lock.o)
                0x080070f0                __retarget_lock_close_recursive
 .text.__retarget_lock_acquire_recursive
                0x080070f4        0x4 e:/gnu/10 2021.10/bin/../lib/gcc/arm-none-eabi/10.3.1/../../../../arm-none-eabi/lib/thumb/v7-m/nofp\libg.a(lib_a-lock.o)
                0x080070f4                __retarget_lock_acquire_recursive
 .text.__retarget_lock_release_recursive
                0x080070f8        0x4 e:/gnu/10 2021.10/bin/../lib/gcc/arm-none-eabi/10.3.1/../../../../arm-none-eabi/lib/thumb/v7-m/nofp\libg.a(lib_a-lock.o)
                0x080070f8                __retarget_lock_release_recursive
 .text._svfprintf_r
                0x080070fc     0x1aa4 e:/gnu/10 2021.10/bin/../lib/gcc/arm-none-eabi/10.3.1/../../../../arm-none-eabi/lib/thumb/v7-m/nofp\libg.a(lib_a-svfprintf.o)
                0x080070fc                _svfprintf_r
 .text.__register_exitproc
                0x08008ba0       0x8c e:/gnu/10 2021.10/bin/../lib/gcc/arm-none-eabi/10.3.1/../../../../arm-none-eabi/lib/thumb/v7-m/nofp\libg.a(lib_a-__atexit.o)
                0x08008ba0                __register_exitproc
 .text.quorem   0x08008c2c      0x12c e:/gnu/10 2021.10/bin/../lib/gcc/arm-none-eabi/10.3.1/../../../../arm-none-eabi/lib/thumb/v7-m/nofp\libg.a(lib_a-dtoa.o)
 .text._dtoa_r  0x08008d58      0xecc e:/gnu/10 2021.10/bin/../lib/gcc/arm-none-eabi/10.3.1/../../../../arm-none-eabi/lib/thumb/v7-m/nofp\libg.a(lib_a-dtoa.o)
                0x08008d58                _dtoa_r
 .text._malloc_trim_r
                0x08009c24       0xa0 e:/gnu/10 2021.10/bin/../lib/gcc/arm-none-eabi/10.3.1/../../../../arm-none-eabi/lib/thumb/v7-m/nofp\libg.a(lib_a-freer.o)
                0x08009c24                _malloc_trim_r
 .text._free_r  0x08009cc4      0x200 e:/gnu/10 2021.10/bin/../lib/gcc/arm-none-eabi/10.3.1/../../../../arm-none-eabi/lib/thumb/v7-m/nofp\libg.a(lib_a-freer.o)
                0x08009cc4                _free_r
 .text._localeconv_r
                0x08009ec4        0x8 e:/gnu/10 2021.10/bin/../lib/gcc/arm-none-eabi/10.3.1/../../../../arm-none-eabi/lib/thumb/v7-m/nofp\libg.a(lib_a-localeconv.o)
                0x08009ec4                _localeconv_r
 .text._malloc_r
                0x08009ecc      0x558 e:/gnu/10 2021.10/bin/../lib/gcc/arm-none-eabi/10.3.1/../../../../arm-none-eabi/lib/thumb/v7-m/nofp\libg.a(lib_a-mallocr.o)
                0x08009ecc                _malloc_r
 .text.memchr   0x0800a424       0x90 e:/gnu/10 2021.10/bin/../lib/gcc/arm-none-eabi/10.3.1/../../../../arm-none-eabi/lib/thumb/v7-m/nofp\libg.a(lib_a-memchr-stub.o)
                0x0800a424                memchr
 .text.__malloc_lock
                0x0800a4b4        0xc e:/gnu/10 2021.10/bin/../lib/gcc/arm-none-eabi/10.3.1/../../../../arm-none-eabi/lib/thumb/v7-m/nofp\libg.a(lib_a-mlock.o)
                0x0800a4b4                __malloc_lock
 .text.__malloc_unlock
                0x0800a4c0        0xc e:/gnu/10 2021.10/bin/../lib/gcc/arm-none-eabi/10.3.1/../../../../arm-none-eabi/lib/thumb/v7-m/nofp\libg.a(lib_a-mlock.o)
                0x0800a4c0                __malloc_unlock
 .text._Balloc  0x0800a4cc       0x4c e:/gnu/10 2021.10/bin/../lib/gcc/arm-none-eabi/10.3.1/../../../../arm-none-eabi/lib/thumb/v7-m/nofp\libg.a(lib_a-mprec.o)
                0x0800a4cc                _Balloc
 .text._Bfree   0x0800a518       0x14 e:/gnu/10 2021.10/bin/../lib/gcc/arm-none-eabi/10.3.1/../../../../arm-none-eabi/lib/thumb/v7-m/nofp\libg.a(lib_a-mprec.o)
                0x0800a518                _Bfree
 .text.__multadd
                0x0800a52c       0xa4 e:/gnu/10 2021.10/bin/../lib/gcc/arm-none-eabi/10.3.1/../../../../arm-none-eabi/lib/thumb/v7-m/nofp\libg.a(lib_a-mprec.o)
                0x0800a52c                __multadd
 .text.__hi0bits
                0x0800a5d0       0x40 e:/gnu/10 2021.10/bin/../lib/gcc/arm-none-eabi/10.3.1/../../../../arm-none-eabi/lib/thumb/v7-m/nofp\libg.a(lib_a-mprec.o)
                0x0800a5d0                __hi0bits
 .text.__lo0bits
                0x0800a610       0x58 e:/gnu/10 2021.10/bin/../lib/gcc/arm-none-eabi/10.3.1/../../../../arm-none-eabi/lib/thumb/v7-m/nofp\libg.a(lib_a-mprec.o)
                0x0800a610                __lo0bits
 .text.__i2b    0x0800a668       0x5c e:/gnu/10 2021.10/bin/../lib/gcc/arm-none-eabi/10.3.1/../../../../arm-none-eabi/lib/thumb/v7-m/nofp\libg.a(lib_a-mprec.o)
                0x0800a668                __i2b
 .text.__multiply
                0x0800a6c4      0x15c e:/gnu/10 2021.10/bin/../lib/gcc/arm-none-eabi/10.3.1/../../../../arm-none-eabi/lib/thumb/v7-m/nofp\libg.a(lib_a-mprec.o)
                0x0800a6c4                __multiply
 .text.__pow5mult
                0x0800a820       0xb8 e:/gnu/10 2021.10/bin/../lib/gcc/arm-none-eabi/10.3.1/../../../../arm-none-eabi/lib/thumb/v7-m/nofp\libg.a(lib_a-mprec.o)
                0x0800a820                __pow5mult
 .text.__lshift
                0x0800a8d8       0xec e:/gnu/10 2021.10/bin/../lib/gcc/arm-none-eabi/10.3.1/../../../../arm-none-eabi/lib/thumb/v7-m/nofp\libg.a(lib_a-mprec.o)
                0x0800a8d8                __lshift
 .text.__mcmp   0x0800a9c4       0x40 e:/gnu/10 2021.10/bin/../lib/gcc/arm-none-eabi/10.3.1/../../../../arm-none-eabi/lib/thumb/v7-m/nofp\libg.a(lib_a-mprec.o)
                0x0800a9c4                __mcmp
 .text.__mdiff  0x0800aa04      0x14c e:/gnu/10 2021.10/bin/../lib/gcc/arm-none-eabi/10.3.1/../../../../arm-none-eabi/lib/thumb/v7-m/nofp\libg.a(lib_a-mprec.o)
                0x0800aa04                __mdiff
 .text.__d2b    0x0800ab50       0xc4 e:/gnu/10 2021.10/bin/../lib/gcc/arm-none-eabi/10.3.1/../../../../arm-none-eabi/lib/thumb/v7-m/nofp\libg.a(lib_a-mprec.o)
                0x0800ab50                __d2b
 .text.frexp    0x0800ac14       0x70 e:/gnu/10 2021.10/bin/../lib/gcc/arm-none-eabi/10.3.1/../../../../arm-none-eabi/lib/thumb/v7-m/nofp\libg.a(lib_a-s_frexp.o)
                0x0800ac14                frexp
 .text._sbrk_r  0x0800ac84       0x24 e:/gnu/10 2021.10/bin/../lib/gcc/arm-none-eabi/10.3.1/../../../../arm-none-eabi/lib/thumb/v7-m/nofp\libg.a(lib_a-sbrkr.o)
                0x0800ac84                _sbrk_r
 .text.strncpy  0x0800aca8       0x68 e:/gnu/10 2021.10/bin/../lib/gcc/arm-none-eabi/10.3.1/../../../../arm-none-eabi/lib/thumb/v7-m/nofp\libg.a(lib_a-strncpy.o)
                0x0800aca8                strncpy
 .text.__ssprint_r
                0x0800ad10       0xfc e:/gnu/10 2021.10/bin/../lib/gcc/arm-none-eabi/10.3.1/../../../../arm-none-eabi/lib/thumb/v7-m/nofp\libg.a(lib_a-svfiprintf.o)
                0x0800ad10                __ssprint_r
 .text.__assert_func
                0x0800ae0c       0x40 e:/gnu/10 2021.10/bin/../lib/gcc/arm-none-eabi/10.3.1/../../../../arm-none-eabi/lib/thumb/v7-m/nofp\libg.a(lib_a-assert.o)
                0x0800ae0c                __assert_func
 .text._calloc_r
                0x0800ae4c       0x78 e:/gnu/10 2021.10/bin/../lib/gcc/arm-none-eabi/10.3.1/../../../../arm-none-eabi/lib/thumb/v7-m/nofp\libg.a(lib_a-callocr.o)
                0x0800ae4c                _calloc_r
 .text.fiprintf
                0x0800aec4       0x28 e:/gnu/10 2021.10/bin/../lib/gcc/arm-none-eabi/10.3.1/../../../../arm-none-eabi/lib/thumb/v7-m/nofp\libg.a(lib_a-fiprintf.o)
                0x0800aec4                fiprintf
 .text.__locale_mb_cur_max
                0x0800aeec        0xc e:/gnu/10 2021.10/bin/../lib/gcc/arm-none-eabi/10.3.1/../../../../arm-none-eabi/lib/thumb/v7-m/nofp\libg.a(lib_a-locale.o)
                0x0800aeec                __locale_mb_cur_max
 .text.__ascii_mbtowc
                0x0800aef8       0x2c e:/gnu/10 2021.10/bin/../lib/gcc/arm-none-eabi/10.3.1/../../../../arm-none-eabi/lib/thumb/v7-m/nofp\libg.a(lib_a-mbtowc_r.o)
                0x0800aef8                __ascii_mbtowc
 .text.memmove  0x0800af24       0xf8 e:/gnu/10 2021.10/bin/../lib/gcc/arm-none-eabi/10.3.1/../../../../arm-none-eabi/lib/thumb/v7-m/nofp\libg.a(lib_a-memmove.o)
                0x0800af24                memmove
 .text._realloc_r
                0x0800b01c      0x3dc e:/gnu/10 2021.10/bin/../lib/gcc/arm-none-eabi/10.3.1/../../../../arm-none-eabi/lib/thumb/v7-m/nofp\libg.a(lib_a-reallocr.o)
                0x0800b01c                _realloc_r
 .text.__sprint_r.part.0
                0x0800b3f8       0x78 e:/gnu/10 2021.10/bin/../lib/gcc/arm-none-eabi/10.3.1/../../../../arm-none-eabi/lib/thumb/v7-m/nofp\libg.a(lib_a-vfiprintf.o)
 .text._vfiprintf_r
                0x0800b470      0xd98 e:/gnu/10 2021.10/bin/../lib/gcc/arm-none-eabi/10.3.1/../../../../arm-none-eabi/lib/thumb/v7-m/nofp\libg.a(lib_a-vfiprintf.o)
                0x0800b470                _vfiprintf_r
 .text.__sbprintf
                0x0800c208       0x84 e:/gnu/10 2021.10/bin/../lib/gcc/arm-none-eabi/10.3.1/../../../../arm-none-eabi/lib/thumb/v7-m/nofp\libg.a(lib_a-vfiprintf.o)
 .text.__ascii_wctomb
                0x0800c28c       0x1c e:/gnu/10 2021.10/bin/../lib/gcc/arm-none-eabi/10.3.1/../../../../arm-none-eabi/lib/thumb/v7-m/nofp\libg.a(lib_a-wctomb_r.o)
                0x0800c28c                __ascii_wctomb
 .text.__swsetup_r
                0x0800c2a8       0xd4 e:/gnu/10 2021.10/bin/../lib/gcc/arm-none-eabi/10.3.1/../../../../arm-none-eabi/lib/thumb/v7-m/nofp\libg.a(lib_a-wsetup.o)
                0x0800c2a8                __swsetup_r
 .text.abort    0x0800c37c       0x10 e:/gnu/10 2021.10/bin/../lib/gcc/arm-none-eabi/10.3.1/../../../../arm-none-eabi/lib/thumb/v7-m/nofp\libg.a(lib_a-abort.o)
                0x0800c37c                abort
 .text.__sflush_r
                0x0800c38c      0x124 e:/gnu/10 2021.10/bin/../lib/gcc/arm-none-eabi/10.3.1/../../../../arm-none-eabi/lib/thumb/v7-m/nofp\libg.a(lib_a-fflush.o)
                0x0800c38c                __sflush_r
 .text._fflush_r
                0x0800c4b0       0x5c e:/gnu/10 2021.10/bin/../lib/gcc/arm-none-eabi/10.3.1/../../../../arm-none-eabi/lib/thumb/v7-m/nofp\libg.a(lib_a-fflush.o)
                0x0800c4b0                _fflush_r
 .text._cleanup_r
                0x0800c50c        0xc e:/gnu/10 2021.10/bin/../lib/gcc/arm-none-eabi/10.3.1/../../../../arm-none-eabi/lib/thumb/v7-m/nofp\libg.a(lib_a-findfp.o)
                0x0800c50c                _cleanup_r
 .text.__sinit  0x0800c518      0x10c e:/gnu/10 2021.10/bin/../lib/gcc/arm-none-eabi/10.3.1/../../../../arm-none-eabi/lib/thumb/v7-m/nofp\libg.a(lib_a-findfp.o)
                0x0800c518                __sinit
 .text.__sfp_lock_acquire
                0x0800c624        0xc e:/gnu/10 2021.10/bin/../lib/gcc/arm-none-eabi/10.3.1/../../../../arm-none-eabi/lib/thumb/v7-m/nofp\libg.a(lib_a-findfp.o)
                0x0800c624                __sfp_lock_acquire
 .text.__sfp_lock_release
                0x0800c630        0xc e:/gnu/10 2021.10/bin/../lib/gcc/arm-none-eabi/10.3.1/../../../../arm-none-eabi/lib/thumb/v7-m/nofp\libg.a(lib_a-findfp.o)
                0x0800c630                __sfp_lock_release
 .text.__fputwc
                0x0800c63c       0xa0 e:/gnu/10 2021.10/bin/../lib/gcc/arm-none-eabi/10.3.1/../../../../arm-none-eabi/lib/thumb/v7-m/nofp\libg.a(lib_a-fputwc.o)
                0x0800c63c                __fputwc
 .text._fputwc_r
                0x0800c6dc       0x68 e:/gnu/10 2021.10/bin/../lib/gcc/arm-none-eabi/10.3.1/../../../../arm-none-eabi/lib/thumb/v7-m/nofp\libg.a(lib_a-fputwc.o)
                0x0800c6dc                _fputwc_r
 .text.__sfvwrite_r
                0x0800c744      0x2f0 e:/gnu/10 2021.10/bin/../lib/gcc/arm-none-eabi/10.3.1/../../../../arm-none-eabi/lib/thumb/v7-m/nofp\libg.a(lib_a-fvwrite.o)
                0x0800c744                __sfvwrite_r
 .text._fwalk_reent
                0x0800ca34       0x48 e:/gnu/10 2021.10/bin/../lib/gcc/arm-none-eabi/10.3.1/../../../../arm-none-eabi/lib/thumb/v7-m/nofp\libg.a(lib_a-fwalk.o)
                0x0800ca34                _fwalk_reent
 .text.__smakebuf_r
                0x0800ca7c       0xe0 e:/gnu/10 2021.10/bin/../lib/gcc/arm-none-eabi/10.3.1/../../../../arm-none-eabi/lib/thumb/v7-m/nofp\libg.a(lib_a-makebuf.o)
                0x0800ca7c                __smakebuf_r
 .text.raise    0x0800cb5c       0x5c e:/gnu/10 2021.10/bin/../lib/gcc/arm-none-eabi/10.3.1/../../../../arm-none-eabi/lib/thumb/v7-m/nofp\libg.a(lib_a-signal.o)
                0x0800cb5c                raise
 .text._kill_r  0x0800cbb8       0x28 e:/gnu/10 2021.10/bin/../lib/gcc/arm-none-eabi/10.3.1/../../../../arm-none-eabi/lib/thumb/v7-m/nofp\libg.a(lib_a-signalr.o)
                0x0800cbb8                _kill_r
 .text._getpid_r
                0x0800cbe0        0x4 e:/gnu/10 2021.10/bin/../lib/gcc/arm-none-eabi/10.3.1/../../../../arm-none-eabi/lib/thumb/v7-m/nofp\libg.a(lib_a-signalr.o)
                0x0800cbe0                _getpid_r
 .text.__sread  0x0800cbe4       0x24 e:/gnu/10 2021.10/bin/../lib/gcc/arm-none-eabi/10.3.1/../../../../arm-none-eabi/lib/thumb/v7-m/nofp\libg.a(lib_a-stdio.o)
                0x0800cbe4                __sread
 .text.__swrite
                0x0800cc08       0x40 e:/gnu/10 2021.10/bin/../lib/gcc/arm-none-eabi/10.3.1/../../../../arm-none-eabi/lib/thumb/v7-m/nofp\libg.a(lib_a-stdio.o)
                0x0800cc08                __swrite
 .text.__sseek  0x0800cc48       0x20 e:/gnu/10 2021.10/bin/../lib/gcc/arm-none-eabi/10.3.1/../../../../arm-none-eabi/lib/thumb/v7-m/nofp\libg.a(lib_a-stdio.o)
                0x0800cc48                __sseek
 .text.__sclose
                0x0800cc68        0x8 e:/gnu/10 2021.10/bin/../lib/gcc/arm-none-eabi/10.3.1/../../../../arm-none-eabi/lib/thumb/v7-m/nofp\libg.a(lib_a-stdio.o)
                0x0800cc68                __sclose
 .text.__swbuf_r
                0x0800cc70       0xb0 e:/gnu/10 2021.10/bin/../lib/gcc/arm-none-eabi/10.3.1/../../../../arm-none-eabi/lib/thumb/v7-m/nofp\libg.a(lib_a-wbuf.o)
                0x0800cc70                __swbuf_r
 .text._wcrtomb_r
                0x0800cd20       0x3c e:/gnu/10 2021.10/bin/../lib/gcc/arm-none-eabi/10.3.1/../../../../arm-none-eabi/lib/thumb/v7-m/nofp\libg.a(lib_a-wcrtomb.o)
                0x0800cd20                _wcrtomb_r
 .text._write_r
                0x0800cd5c       0x2c e:/gnu/10 2021.10/bin/../lib/gcc/arm-none-eabi/10.3.1/../../../../arm-none-eabi/lib/thumb/v7-m/nofp\libg.a(lib_a-writer.o)
                0x0800cd5c                _write_r
 .text._close_r
                0x0800cd88       0x24 e:/gnu/10 2021.10/bin/../lib/gcc/arm-none-eabi/10.3.1/../../../../arm-none-eabi/lib/thumb/v7-m/nofp\libg.a(lib_a-closer.o)
                0x0800cd88                _close_r
 .text._fclose_r
                0x0800cdac       0xcc e:/gnu/10 2021.10/bin/../lib/gcc/arm-none-eabi/10.3.1/../../../../arm-none-eabi/lib/thumb/v7-m/nofp\libg.a(lib_a-fclose.o)
                0x0800cdac                _fclose_r
 .text._fstat_r
                0x0800ce78       0x28 e:/gnu/10 2021.10/bin/../lib/gcc/arm-none-eabi/10.3.1/../../../../arm-none-eabi/lib/thumb/v7-m/nofp\libg.a(lib_a-fstatr.o)
                0x0800ce78                _fstat_r
 .text._isatty_r
                0x0800cea0       0x24 e:/gnu/10 2021.10/bin/../lib/gcc/arm-none-eabi/10.3.1/../../../../arm-none-eabi/lib/thumb/v7-m/nofp\libg.a(lib_a-isattyr.o)
                0x0800cea0                _isatty_r
 .text._lseek_r
                0x0800cec4       0x2c e:/gnu/10 2021.10/bin/../lib/gcc/arm-none-eabi/10.3.1/../../../../arm-none-eabi/lib/thumb/v7-m/nofp\libg.a(lib_a-lseekr.o)
                0x0800cec4                _lseek_r
 .text._read_r  0x0800cef0       0x2c e:/gnu/10 2021.10/bin/../lib/gcc/arm-none-eabi/10.3.1/../../../../arm-none-eabi/lib/thumb/v7-m/nofp\libg.a(lib_a-readr.o)
                0x0800cef0                _read_r
 *(.glue_7)
 .glue_7        0x0800cf1c        0x0 linker stubs
 *(.glue_7t)
 .glue_7t       0x0800cf1c        0x0 linker stubs
 *(.eh_frame)
 .eh_frame      0x0800cf1c        0x0 e:/gnu/10 2021.10/bin/../lib/gcc/arm-none-eabi/10.3.1/thumb/v7-m/nofp/crtbegin.o
 *(.init)
 .init          0x0800cf1c        0x4 e:/gnu/10 2021.10/bin/../lib/gcc/arm-none-eabi/10.3.1/thumb/v7-m/nofp/crti.o
                0x0800cf1c                _init
 .init          0x0800cf20        0x8 e:/gnu/10 2021.10/bin/../lib/gcc/arm-none-eabi/10.3.1/thumb/v7-m/nofp/crtn.o
 *(.fini)
 .fini          0x0800cf28        0x4 e:/gnu/10 2021.10/bin/../lib/gcc/arm-none-eabi/10.3.1/thumb/v7-m/nofp/crti.o
                0x0800cf28                _fini
 .fini          0x0800cf2c        0x8 e:/gnu/10 2021.10/bin/../lib/gcc/arm-none-eabi/10.3.1/thumb/v7-m/nofp/crtn.o
                0x0800cf34                . = ALIGN (0x4)
                0x0800cf34                _etext = .

.vfp11_veneer   0x0800cf34        0x0
 .vfp11_veneer  0x0800cf34        0x0 linker stubs

.v4_bx          0x0800cf34        0x0
 .v4_bx         0x0800cf34        0x0 linker stubs

.iplt           0x0800cf34        0x0
 .iplt          0x0800cf34        0x0 e:/gnu/10 2021.10/bin/../lib/gcc/arm-none-eabi/10.3.1/thumb/v7-m/nofp/crtbegin.o

.rodata         0x0800cf38      0x4a8
                0x0800cf38                . = ALIGN (0x4)
 *(.rodata)
 *(.rodata*)
 .rodata.main.str1.4
                0x0800cf38        0xc CMakeFiles/keyboard.elf.dir/Core/Src/main.c.obj
 .rodata.AHBPrescTable
                0x0800cf44       0x10 CMakeFiles/keyboard.elf.dir/Core/Src/system_stm32f1xx.c.obj
                0x0800cf44                AHBPrescTable
 .rodata.APBPrescTable
                0x0800cf54        0x8 CMakeFiles/keyboard.elf.dir/Core/Src/system_stm32f1xx.c.obj
                0x0800cf54                APBPrescTable
 .rodata.aPLLMULFactorTable.1
                0x0800cf5c       0x10 CMakeFiles/keyboard.elf.dir/Drivers/STM32F1xx_HAL_Driver/Src/stm32f1xx_hal_rcc.c.obj
 .rodata.aPredivFactorTable.0
                0x0800cf6c        0x2 CMakeFiles/keyboard.elf.dir/Drivers/STM32F1xx_HAL_Driver/Src/stm32f1xx_hal_rcc.c.obj
 *fill*         0x0800cf6e        0x2 
 .rodata.aPLLMULFactorTable.1
                0x0800cf70       0x10 CMakeFiles/keyboard.elf.dir/Drivers/STM32F1xx_HAL_Driver/Src/stm32f1xx_hal_rcc_ex.c.obj
 .rodata.aPredivFactorTable.0
                0x0800cf80        0x2 CMakeFiles/keyboard.elf.dir/Drivers/STM32F1xx_HAL_Driver/Src/stm32f1xx_hal_rcc_ex.c.obj
 *fill*         0x0800cf82        0x2 
 .rodata.USBD_FS_ProductStrDescriptor.str1.4
                0x0800cf84       0x1d CMakeFiles/keyboard.elf.dir/USB_DEVICE/App/usbd_desc.c.obj
 *fill*         0x0800cfa1        0x3 
 .rodata.USBD_FS_ManufacturerStrDescriptor.str1.4
                0x0800cfa4       0x13 CMakeFiles/keyboard.elf.dir/USB_DEVICE/App/usbd_desc.c.obj
 *fill*         0x0800cfb7        0x1 
 .rodata.USBD_FS_ConfigStrDescriptor.str1.4
                0x0800cfb8       0x12 CMakeFiles/keyboard.elf.dir/USB_DEVICE/App/usbd_desc.c.obj
 *fill*         0x0800cfca        0x2 
 .rodata.USBD_FS_InterfaceStrDescriptor.str1.4
                0x0800cfcc       0x15 CMakeFiles/keyboard.elf.dir/USB_DEVICE/App/usbd_desc.c.obj
 *fill*         0x0800cfe1        0x3 
 .rodata._global_impure_ptr
                0x0800cfe4        0x4 e:/gnu/10 2021.10/bin/../lib/gcc/arm-none-eabi/10.3.1/../../../../arm-none-eabi/lib/thumb/v7-m/nofp\libg.a(lib_a-impure.o)
                0x0800cfe4                _global_impure_ptr
 .rodata._svfprintf_r.str1.4
                0x0800cfe8       0x42 e:/gnu/10 2021.10/bin/../lib/gcc/arm-none-eabi/10.3.1/../../../../arm-none-eabi/lib/thumb/v7-m/nofp\libg.a(lib_a-svfprintf.o)
 *fill*         0x0800d02a        0x2 
 .rodata.blanks.1
                0x0800d02c       0x10 e:/gnu/10 2021.10/bin/../lib/gcc/arm-none-eabi/10.3.1/../../../../arm-none-eabi/lib/thumb/v7-m/nofp\libg.a(lib_a-svfprintf.o)
 .rodata.zeroes.0
                0x0800d03c       0x10 e:/gnu/10 2021.10/bin/../lib/gcc/arm-none-eabi/10.3.1/../../../../arm-none-eabi/lib/thumb/v7-m/nofp\libg.a(lib_a-svfprintf.o)
 .rodata._dtoa_r.str1.4
                0x0800d04c       0xa2 e:/gnu/10 2021.10/bin/../lib/gcc/arm-none-eabi/10.3.1/../../../../arm-none-eabi/lib/thumb/v7-m/nofp\libg.a(lib_a-dtoa.o)
                                 0xa6 (size before relaxing)
 *fill*         0x0800d0ee        0x2 
 .rodata.__multadd.str1.4
                0x0800d0f0       0x7f e:/gnu/10 2021.10/bin/../lib/gcc/arm-none-eabi/10.3.1/../../../../arm-none-eabi/lib/thumb/v7-m/nofp\libg.a(lib_a-mprec.o)
                                 0x93 (size before relaxing)
 *fill*         0x0800d16f        0x1 
 .rodata.__mprec_bigtens
                0x0800d170       0x28 e:/gnu/10 2021.10/bin/../lib/gcc/arm-none-eabi/10.3.1/../../../../arm-none-eabi/lib/thumb/v7-m/nofp\libg.a(lib_a-mprec.o)
                0x0800d170                __mprec_bigtens
 .rodata.__mprec_tens
                0x0800d198       0xc8 e:/gnu/10 2021.10/bin/../lib/gcc/arm-none-eabi/10.3.1/../../../../arm-none-eabi/lib/thumb/v7-m/nofp\libg.a(lib_a-mprec.o)
                0x0800d198                __mprec_tens
 .rodata.p05.0  0x0800d260        0xc e:/gnu/10 2021.10/bin/../lib/gcc/arm-none-eabi/10.3.1/../../../../arm-none-eabi/lib/thumb/v7-m/nofp\libg.a(lib_a-mprec.o)
 .rodata.__assert_func.str1.4
                0x0800d26c       0x3f e:/gnu/10 2021.10/bin/../lib/gcc/arm-none-eabi/10.3.1/../../../../arm-none-eabi/lib/thumb/v7-m/nofp\libg.a(lib_a-assert.o)
                                 0x43 (size before relaxing)
 *fill*         0x0800d2ab        0x1 
 .rodata._setlocale_r.str1.4
                0x0800d2ac        0xa e:/gnu/10 2021.10/bin/../lib/gcc/arm-none-eabi/10.3.1/../../../../arm-none-eabi/lib/thumb/v7-m/nofp\libg.a(lib_a-locale.o)
                                  0xd (size before relaxing)
 *fill*         0x0800d2b6        0x2 
 .rodata.str1.4
                0x0800d2b8        0x2 e:/gnu/10 2021.10/bin/../lib/gcc/arm-none-eabi/10.3.1/../../../../arm-none-eabi/lib/thumb/v7-m/nofp\libg.a(lib_a-locale.o)
 .rodata._vfiprintf_r.str1.4
                0x0800d2ba       0x2f e:/gnu/10 2021.10/bin/../lib/gcc/arm-none-eabi/10.3.1/../../../../arm-none-eabi/lib/thumb/v7-m/nofp\libg.a(lib_a-vfiprintf.o)
 *fill*         0x0800d2ba        0x2 
 .rodata.blanks.1
                0x0800d2bc       0x10 e:/gnu/10 2021.10/bin/../lib/gcc/arm-none-eabi/10.3.1/../../../../arm-none-eabi/lib/thumb/v7-m/nofp\libg.a(lib_a-vfiprintf.o)
 .rodata.zeroes.0
                0x0800d2cc       0x10 e:/gnu/10 2021.10/bin/../lib/gcc/arm-none-eabi/10.3.1/../../../../arm-none-eabi/lib/thumb/v7-m/nofp\libg.a(lib_a-vfiprintf.o)
 .rodata._ctype_
                0x0800d2dc      0x101 e:/gnu/10 2021.10/bin/../lib/gcc/arm-none-eabi/10.3.1/../../../../arm-none-eabi/lib/thumb/v7-m/nofp\libg.a(lib_a-ctype_.o)
                0x0800d2dc                _ctype_
                0x0800d3e0                . = ALIGN (0x4)
 *fill*         0x0800d3dd        0x3 

.ARM.extab      0x0800d3e0        0x0
                0x0800d3e0                . = ALIGN (0x4)
 *(.ARM.extab* .gnu.linkonce.armextab.*)
                0x0800d3e0                . = ALIGN (0x4)

.ARM            0x0800d3e0        0x8
                0x0800d3e0                . = ALIGN (0x4)
                0x0800d3e0                __exidx_start = .
 *(.ARM.exidx*)
 .ARM.exidx     0x0800d3e0        0x8 e:/gnu/10 2021.10/bin/../lib/gcc/arm-none-eabi/10.3.1/thumb/v7-m/nofp\libgcc.a(_udivmoddi4.o)
                0x0800d3e8                __exidx_end = .
                0x0800d3e8                . = ALIGN (0x4)

.rel.dyn        0x0800d3e8        0x0
 .rel.iplt      0x0800d3e8        0x0 e:/gnu/10 2021.10/bin/../lib/gcc/arm-none-eabi/10.3.1/thumb/v7-m/nofp/crtbegin.o

.preinit_array  0x0800d3e8        0x0
                0x0800d3e8                . = ALIGN (0x4)
                0x0800d3e8                PROVIDE (__preinit_array_start = .)
 *(.preinit_array*)
                0x0800d3e8                PROVIDE (__preinit_array_end = .)
                0x0800d3e8                . = ALIGN (0x4)

.init_array     0x0800d3e8        0x8
                0x0800d3e8                . = ALIGN (0x4)
                0x0800d3e8                PROVIDE (__init_array_start = .)
 *(SORT_BY_NAME(.init_array.*))
 .init_array.00000
                0x0800d3e8        0x4 e:/gnu/10 2021.10/bin/../lib/gcc/arm-none-eabi/10.3.1/../../../../arm-none-eabi/lib/thumb/v7-m/nofp\libg.a(lib_a-__call_atexit.o)
 *(.init_array*)
 .init_array    0x0800d3ec        0x4 e:/gnu/10 2021.10/bin/../lib/gcc/arm-none-eabi/10.3.1/thumb/v7-m/nofp/crtbegin.o
                0x0800d3f0                PROVIDE (__init_array_end = .)
                0x0800d3f0                . = ALIGN (0x4)

.fini_array     0x0800d3f0        0x4
                0x0800d3f0                . = ALIGN (0x4)
                0x0800d3f0                PROVIDE (__fini_array_start = .)
 *(SORT_BY_NAME(.fini_array.*))
 *(.fini_array*)
 .fini_array    0x0800d3f0        0x4 e:/gnu/10 2021.10/bin/../lib/gcc/arm-none-eabi/10.3.1/thumb/v7-m/nofp/crtbegin.o
                0x0800d3f4                PROVIDE (__fini_array_end = .)
                0x0800d3f4                . = ALIGN (0x4)
                0x0800d3f4                _sidata = LOADADDR (.data)

.data           0x20000000      0xb28 load address 0x0800d3f4
                0x20000000                . = ALIGN (0x4)
                0x20000000                _sdata = .
 *(.data)
 *(.data*)
 .data.SystemCoreClock
                0x20000000        0x4 CMakeFiles/keyboard.elf.dir/Core/Src/system_stm32f1xx.c.obj
                0x20000000                SystemCoreClock
 .data.tbl_keep_cnt.0
                0x20000004        0x1 CMakeFiles/keyboard.elf.dir/Drivers/BSP/RF_keyboard.c.obj
 .data.tbr_keep_cnt.1
                0x20000005        0x1 CMakeFiles/keyboard.elf.dir/Drivers/BSP/RF_keyboard.c.obj
 .data.uwTickFreq
                0x20000006        0x1 CMakeFiles/keyboard.elf.dir/Drivers/STM32F1xx_HAL_Driver/Src/stm32f1xx_hal.c.obj
                0x20000006                uwTickFreq
 *fill*         0x20000007        0x1 
 .data.uwTickPrio
                0x20000008        0x4 CMakeFiles/keyboard.elf.dir/Drivers/STM32F1xx_HAL_Driver/Src/stm32f1xx_hal.c.obj
                0x20000008                uwTickPrio
 .data.USBD_CUSTOM_HID
                0x2000000c       0x38 CMakeFiles/keyboard.elf.dir/Middlewares/ST/STM32_USB_Device_Library/Class/CustomHID/Src/usbd_customhid.c.obj
                0x2000000c                USBD_CUSTOM_HID
 .data.USBD_CUSTOM_HID_CfgFSDesc
                0x20000044       0x29 CMakeFiles/keyboard.elf.dir/Middlewares/ST/STM32_USB_Device_Library/Class/CustomHID/Src/usbd_customhid.c.obj
 *fill*         0x2000006d        0x3 
 .data.USBD_CUSTOM_HID_CfgHSDesc
                0x20000070       0x29 CMakeFiles/keyboard.elf.dir/Middlewares/ST/STM32_USB_Device_Library/Class/CustomHID/Src/usbd_customhid.c.obj
 *fill*         0x20000099        0x3 
 .data.USBD_CUSTOM_HID_Desc
                0x2000009c        0x9 CMakeFiles/keyboard.elf.dir/Middlewares/ST/STM32_USB_Device_Library/Class/CustomHID/Src/usbd_customhid.c.obj
 *fill*         0x200000a5        0x3 
 .data.USBD_CUSTOM_HID_DeviceQualifierDesc
                0x200000a8        0xa CMakeFiles/keyboard.elf.dir/Middlewares/ST/STM32_USB_Device_Library/Class/CustomHID/Src/usbd_customhid.c.obj
 *fill*         0x200000b2        0x2 
 .data.USBD_CUSTOM_HID_OtherSpeedCfgDesc
                0x200000b4       0x29 CMakeFiles/keyboard.elf.dir/Middlewares/ST/STM32_USB_Device_Library/Class/CustomHID/Src/usbd_customhid.c.obj
 *fill*         0x200000dd        0x3 
 .data.CUSTOM_HID_ReportDesc_FS
                0x200000e0       0x39 CMakeFiles/keyboard.elf.dir/USB_DEVICE/App/usbd_custom_hid_if.c.obj
 *fill*         0x20000119        0x3 
 .data.USBD_CustomHID_fops_FS
                0x2000011c       0x10 CMakeFiles/keyboard.elf.dir/USB_DEVICE/App/usbd_custom_hid_if.c.obj
                0x2000011c                USBD_CustomHID_fops_FS
 .data.FS_Desc  0x2000012c       0x1c CMakeFiles/keyboard.elf.dir/USB_DEVICE/App/usbd_desc.c.obj
                0x2000012c                FS_Desc
 .data.USBD_FS_DeviceDesc
                0x20000148       0x12 CMakeFiles/keyboard.elf.dir/USB_DEVICE/App/usbd_desc.c.obj
                0x20000148                USBD_FS_DeviceDesc
 *fill*         0x2000015a        0x2 
 .data.USBD_LangIDDesc
                0x2000015c        0x4 CMakeFiles/keyboard.elf.dir/USB_DEVICE/App/usbd_desc.c.obj
                0x2000015c                USBD_LangIDDesc
 .data.USBD_StringSerial
                0x20000160       0x1a CMakeFiles/keyboard.elf.dir/USB_DEVICE/App/usbd_desc.c.obj
                0x20000160                USBD_StringSerial
 *fill*         0x2000017a        0x2 
 .data._impure_ptr
                0x2000017c        0x4 e:/gnu/10 2021.10/bin/../lib/gcc/arm-none-eabi/10.3.1/../../../../arm-none-eabi/lib/thumb/v7-m/nofp\libg.a(lib_a-impure.o)
                0x2000017c                _impure_ptr
 .data.impure_data
                0x20000180      0x428 e:/gnu/10 2021.10/bin/../lib/gcc/arm-none-eabi/10.3.1/../../../../arm-none-eabi/lib/thumb/v7-m/nofp\libg.a(lib_a-impure.o)
 .data.__atexit_recursive_mutex
                0x200005a8        0x4 e:/gnu/10 2021.10/bin/../lib/gcc/arm-none-eabi/10.3.1/../../../../arm-none-eabi/lib/thumb/v7-m/nofp\libg.a(lib_a-__call_atexit.o)
                0x200005a8                __atexit_recursive_mutex
 .data.__malloc_av_
                0x200005ac      0x408 e:/gnu/10 2021.10/bin/../lib/gcc/arm-none-eabi/10.3.1/../../../../arm-none-eabi/lib/thumb/v7-m/nofp\libg.a(lib_a-mallocr.o)
                0x200005ac                __malloc_av_
 .data.__malloc_sbrk_base
                0x200009b4        0x4 e:/gnu/10 2021.10/bin/../lib/gcc/arm-none-eabi/10.3.1/../../../../arm-none-eabi/lib/thumb/v7-m/nofp\libg.a(lib_a-mallocr.o)
                0x200009b4                __malloc_sbrk_base
 .data.__malloc_trim_threshold
                0x200009b8        0x4 e:/gnu/10 2021.10/bin/../lib/gcc/arm-none-eabi/10.3.1/../../../../arm-none-eabi/lib/thumb/v7-m/nofp\libg.a(lib_a-mallocr.o)
                0x200009b8                __malloc_trim_threshold
 .data.__global_locale
                0x200009bc      0x16c e:/gnu/10 2021.10/bin/../lib/gcc/arm-none-eabi/10.3.1/../../../../arm-none-eabi/lib/thumb/v7-m/nofp\libg.a(lib_a-locale.o)
                0x200009bc                __global_locale
 *(.RamFunc)
 *(.RamFunc*)
                0x20000b28                . = ALIGN (0x4)
                0x20000b28                _edata = .

.igot.plt       0x20000b28        0x0 load address 0x0800df1c
 .igot.plt      0x20000b28        0x0 e:/gnu/10 2021.10/bin/../lib/gcc/arm-none-eabi/10.3.1/thumb/v7-m/nofp/crtbegin.o
                0x20000b28                . = ALIGN (0x4)

.bss            0x20000b28     0x14b8 load address 0x0800df1c
                0x20000b28                _sbss = .
                0x20000b28                __bss_start__ = _sbss
 *(.bss)
 .bss           0x20000b28       0x1c e:/gnu/10 2021.10/bin/../lib/gcc/arm-none-eabi/10.3.1/thumb/v7-m/nofp/crtbegin.o
 *(.bss*)
 .bss.hadc1     0x20000b44       0x30 CMakeFiles/keyboard.elf.dir/Core/Src/adc.c.obj
                0x20000b44                hadc1
 .bss.hdma_adc1
                0x20000b74       0x44 CMakeFiles/keyboard.elf.dir/Core/Src/adc.c.obj
                0x20000b74                hdma_adc1
 .bss.hspi1     0x20000bb8       0x58 CMakeFiles/keyboard.elf.dir/Core/Src/spi.c.obj
                0x20000bb8                hspi1
 .bss.__sbrk_heap_end
                0x20000c10        0x4 CMakeFiles/keyboard.elf.dir/Core/Src/sysmem.c.obj
 .bss.hdma_usart1_rx
                0x20000c14       0x44 CMakeFiles/keyboard.elf.dir/Core/Src/usart.c.obj
                0x20000c14                hdma_usart1_rx
 .bss.hdma_usart1_tx
                0x20000c58       0x44 CMakeFiles/keyboard.elf.dir/Core/Src/usart.c.obj
                0x20000c58                hdma_usart1_tx
 .bss.huart1    0x20000c9c       0x48 CMakeFiles/keyboard.elf.dir/Core/Src/usart.c.obj
                0x20000c9c                huart1
 .bss.uart1     0x20000ce4      0x414 CMakeFiles/keyboard.elf.dir/Core/Src/usart.c.obj
                0x20000ce4                uart1
 .bss.RFK       0x200010f8      0x1d8 CMakeFiles/keyboard.elf.dir/Drivers/BSP/RF_keyboard.c.obj
                0x200010f8                RFK
 .bss.remap1    0x200012d0      0x190 CMakeFiles/keyboard.elf.dir/Drivers/BSP/RF_keyboard.c.obj
                0x200012d0                remap1
 .bss.remap2    0x20001460      0x190 CMakeFiles/keyboard.elf.dir/Drivers/BSP/RF_keyboard.c.obj
                0x20001460                remap2
 .bss.remap3    0x200015f0      0x190 CMakeFiles/keyboard.elf.dir/Drivers/BSP/RF_keyboard.c.obj
                0x200015f0                remap3
 .bss.tbs.2     0x20001780        0x1 CMakeFiles/keyboard.elf.dir/Drivers/BSP/RF_keyboard.c.obj
 *fill*         0x20001781        0x3 
 .bss.uwTick    0x20001784        0x4 CMakeFiles/keyboard.elf.dir/Drivers/STM32F1xx_HAL_Driver/Src/stm32f1xx_hal.c.obj
                0x20001784                uwTick
 .bss.cfgidx.0  0x20001788        0x1 CMakeFiles/keyboard.elf.dir/Middlewares/ST/STM32_USB_Device_Library/Core/Src/usbd_ctlreq.c.obj
 *fill*         0x20001789        0x3 
 .bss.hUsbDeviceFS
                0x2000178c      0x2c4 CMakeFiles/keyboard.elf.dir/USB_DEVICE/App/usb_device.c.obj
                0x2000178c                hUsbDeviceFS
 .bss.USBD_StrDesc
                0x20001a50      0x200 CMakeFiles/keyboard.elf.dir/USB_DEVICE/App/usbd_desc.c.obj
                0x20001a50                USBD_StrDesc
 .bss.hpcd_USB_FS
                0x20001c50      0x2f0 CMakeFiles/keyboard.elf.dir/USB_DEVICE/Target/usbd_conf.c.obj
                0x20001c50                hpcd_USB_FS
 .bss.mem.0     0x20001f40       0x58 CMakeFiles/keyboard.elf.dir/USB_DEVICE/Target/usbd_conf.c.obj
 .bss.__lock___atexit_recursive_mutex
                0x20001f98        0x1 e:/gnu/10 2021.10/bin/../lib/gcc/arm-none-eabi/10.3.1/../../../../arm-none-eabi/lib/thumb/v7-m/nofp\libg.a(lib_a-lock.o)
                0x20001f98                __lock___atexit_recursive_mutex
 *fill*         0x20001f99        0x3 
 .bss.__lock___malloc_recursive_mutex
                0x20001f9c        0x1 e:/gnu/10 2021.10/bin/../lib/gcc/arm-none-eabi/10.3.1/../../../../arm-none-eabi/lib/thumb/v7-m/nofp\libg.a(lib_a-lock.o)
                0x20001f9c                __lock___malloc_recursive_mutex
 *fill*         0x20001f9d        0x3 
 .bss.__lock___sfp_recursive_mutex
                0x20001fa0        0x1 e:/gnu/10 2021.10/bin/../lib/gcc/arm-none-eabi/10.3.1/../../../../arm-none-eabi/lib/thumb/v7-m/nofp\libg.a(lib_a-lock.o)
                0x20001fa0                __lock___sfp_recursive_mutex
 *fill*         0x20001fa1        0x3 
 .bss.__lock___sinit_recursive_mutex
                0x20001fa4        0x1 e:/gnu/10 2021.10/bin/../lib/gcc/arm-none-eabi/10.3.1/../../../../arm-none-eabi/lib/thumb/v7-m/nofp\libg.a(lib_a-lock.o)
                0x20001fa4                __lock___sinit_recursive_mutex
 *fill*         0x20001fa5        0x3 
 .bss.__malloc_current_mallinfo
                0x20001fa8       0x28 e:/gnu/10 2021.10/bin/../lib/gcc/arm-none-eabi/10.3.1/../../../../arm-none-eabi/lib/thumb/v7-m/nofp\libg.a(lib_a-mallocr.o)
                0x20001fa8                __malloc_current_mallinfo
 .bss.__malloc_max_sbrked_mem
                0x20001fd0        0x4 e:/gnu/10 2021.10/bin/../lib/gcc/arm-none-eabi/10.3.1/../../../../arm-none-eabi/lib/thumb/v7-m/nofp\libg.a(lib_a-mallocr.o)
                0x20001fd0                __malloc_max_sbrked_mem
 .bss.__malloc_max_total_mem
                0x20001fd4        0x4 e:/gnu/10 2021.10/bin/../lib/gcc/arm-none-eabi/10.3.1/../../../../arm-none-eabi/lib/thumb/v7-m/nofp\libg.a(lib_a-mallocr.o)
                0x20001fd4                __malloc_max_total_mem
 .bss.__malloc_top_pad
                0x20001fd8        0x4 e:/gnu/10 2021.10/bin/../lib/gcc/arm-none-eabi/10.3.1/../../../../arm-none-eabi/lib/thumb/v7-m/nofp\libg.a(lib_a-mallocr.o)
                0x20001fd8                __malloc_top_pad
 .bss.errno     0x20001fdc        0x4 e:/gnu/10 2021.10/bin/../lib/gcc/arm-none-eabi/10.3.1/../../../../arm-none-eabi/lib/thumb/v7-m/nofp\libg.a(lib_a-reent.o)
                0x20001fdc                errno
 *(COMMON)
                0x20001fe0                . = ALIGN (0x4)
                0x20001fe0                _ebss = .
                0x20001fe0                __bss_end__ = _ebss

._user_heap_stack
                0x20001fe0      0x600 load address 0x0800df1c
                0x20001fe0                . = ALIGN (0x8)
                [!provide]                PROVIDE (end = .)
                0x20001fe0                PROVIDE (_end = .)
                0x200021e0                . = (. + _Min_Heap_Size)
 *fill*         0x20001fe0      0x200 
                0x200025e0                . = (. + _Min_Stack_Size)
 *fill*         0x200021e0      0x400 
                0x200025e0                . = ALIGN (0x8)

/DISCARD/
 libc.a(*)
 libm.a(*)
 libgcc.a(*)

.ARM.attributes
                0x00000000       0x29
 *(.ARM.attributes)
 .ARM.attributes
                0x00000000       0x1d e:/gnu/10 2021.10/bin/../lib/gcc/arm-none-eabi/10.3.1/thumb/v7-m/nofp/crti.o
 .ARM.attributes
                0x0000001d       0x2d e:/gnu/10 2021.10/bin/../lib/gcc/arm-none-eabi/10.3.1/thumb/v7-m/nofp/crtbegin.o
 .ARM.attributes
                0x0000004a       0x2d CMakeFiles/keyboard.elf.dir/Core/Src/adc.c.obj
 .ARM.attributes
                0x00000077       0x2d CMakeFiles/keyboard.elf.dir/Core/Src/dma.c.obj
 .ARM.attributes
                0x000000a4       0x2d CMakeFiles/keyboard.elf.dir/Core/Src/gpio.c.obj
 .ARM.attributes
                0x000000d1       0x2d CMakeFiles/keyboard.elf.dir/Core/Src/main.c.obj
 .ARM.attributes
                0x000000fe       0x2d CMakeFiles/keyboard.elf.dir/Core/Src/spi.c.obj
 .ARM.attributes
                0x0000012b       0x2d CMakeFiles/keyboard.elf.dir/Core/Src/stm32f1xx_hal_msp.c.obj
 .ARM.attributes
                0x00000158       0x2d CMakeFiles/keyboard.elf.dir/Core/Src/stm32f1xx_it.c.obj
 .ARM.attributes
                0x00000185       0x2d CMakeFiles/keyboard.elf.dir/Core/Src/syscalls.c.obj
 .ARM.attributes
                0x000001b2       0x2d CMakeFiles/keyboard.elf.dir/Core/Src/sysmem.c.obj
 .ARM.attributes
                0x000001df       0x2d CMakeFiles/keyboard.elf.dir/Core/Src/system_stm32f1xx.c.obj
 .ARM.attributes
                0x0000020c       0x2d CMakeFiles/keyboard.elf.dir/Core/Src/usart.c.obj
 .ARM.attributes